<html>
<body>
<pre>
<h1>µVision Build Log</h1>
<h2>Project:</h2>
G:\STM_SourceSW\IMXBLACK_SW\Project\Newsw\test1.uvproj
Project File Date:  02/08/2014

<h2>Output:</h2>
Build target 'Target 1'
compiling main.c...
..\..\Utilities\Camera\serial_receive.h(13): warning:  #1295-D: Deprecated declaration Serialcongig - give arg types
  int Serialcongig();   
..\..\Utilities\Camera\serial_receive.h(14): warning:  #1295-D: Deprecated declaration capture_start - give arg types
  void capture_start();  
..\..\Utilities\Camera\serial_receive.h(15): warning:  #1295-D: Deprecated declaration open_stm32 - give arg types
  void open_stm32();
..\..\Utilities\Camera\serial_receive.h(17): warning:  #1295-D: Deprecated declaration receive_imx_start - give arg types
  void receive_imx_start();
..\..\Utilities\Camera\serial_receive.h(18): warning:  #1295-D: Deprecated declaration receive_imx_stop - give arg types
  void receive_imx_stop();
..\..\Utilities\Camera\serial_receive.h(19): warning:  #1295-D: Deprecated declaration receive_imx_send - give arg types
  void receive_imx_send();
..\..\Utilities\Camera\serial_receive.h(20): warning:  #1295-D: Deprecated declaration receive_imxfilename - give arg types
  void receive_imxfilename();    
..\..\Utilities\Camera\serial_receive.h(28): warning:  #1-D: last line of file ends without a newline
  #endif         
main.c(249): warning:  #188-D: enumerated type mixed with another type
        Camera=Camera_5MP;
main.c(188): warning:  #177-D: variable "rxbuff_pos" was declared but never referenced
        uint8_t rxbuff_pos=0,rxbuff_pos1=0; //Rx buffer POsition
main.c(188): warning:  #177-D: variable "rxbuff_pos1" was declared but never referenced
        uint8_t rxbuff_pos=0,rxbuff_pos1=0; //Rx buffer POsition
main.c(189): warning:  #550-D: variable "RX_BUFF" was set but never used
        char RX_BUFF,RX_BUFF1[255];
main.c(189): warning:  #177-D: variable "RX_BUFF1" was declared but never referenced
        char RX_BUFF,RX_BUFF1[255];
main.c(190): warning:  #177-D: variable "i" was declared but never referenced
        int i,j;
main.c(190): warning:  #177-D: variable "j" was declared but never referenced
        int i,j;
main.c(333): warning:  #177-D: function "Fill_Buffer" was declared but never referenced
  static void Fill_Buffer(uint16_t *pBuffer, uint32_t uwBufferLenght, uint16_t uhOffset)
main.c(415): warning:  #177-D: function "ADC_Config" was declared but never referenced
  static void ADC_Config(void)
main.c: 17 warnings, 0 errors
compiling stm32f4xx_it.c...
compiling misc.c...
compiling stm32f4xx_adc.c...
compiling stm32f4xx_can.c...
compiling stm32f4xx_crc.c...
compiling stm32f4xx_cryp.c...
compiling stm32f4xx_cryp_aes.c...
compiling stm32f4xx_cryp_des.c...
compiling stm32f4xx_cryp_tdes.c...
compiling stm32f4xx_dac.c...
compiling stm32f4xx_dbgmcu.c...
compiling stm32f4xx_dcmi.c...
compiling stm32f4xx_dma.c...
compiling stm32f4xx_exti.c...
compiling stm32f4xx_flash.c...
compiling stm32f4xx_fsmc.c...
compiling stm32f4xx_gpio.c...
compiling stm32f4xx_hash.c...
compiling stm32f4xx_hash_md5.c...
compiling stm32f4xx_hash_sha1.c...
compiling stm32f4xx_i2c.c...
compiling stm32f4xx_iwdg.c...
compiling stm32f4xx_pwr.c...
compiling stm32f4xx_rcc.c...
compiling stm32f4xx_rng.c...
compiling stm32f4xx_rtc.c...
compiling stm32f4xx_sdio.c...
compiling stm32f4xx_spi.c...
compiling stm32f4xx_syscfg.c...
compiling stm32f4xx_tim.c...
compiling stm32f4xx_usart.c...
compiling stm32f4xx_wwdg.c...
compiling camera_api.c...
compiling Serial_receive.c...
..\..\Utilities\Camera\serial_receive.h(13): warning:  #1295-D: Deprecated declaration Serialcongig - give arg types
  int Serialcongig();   
..\..\Utilities\Camera\serial_receive.h(14): warning:  #1295-D: Deprecated declaration capture_start - give arg types
  void capture_start();  
..\..\Utilities\Camera\serial_receive.h(15): warning:  #1295-D: Deprecated declaration open_stm32 - give arg types
  void open_stm32();
..\..\Utilities\Camera\serial_receive.h(17): warning:  #1295-D: Deprecated declaration receive_imx_start - give arg types
  void receive_imx_start();
..\..\Utilities\Camera\serial_receive.h(18): warning:  #1295-D: Deprecated declaration receive_imx_stop - give arg types
  void receive_imx_stop();
..\..\Utilities\Camera\serial_receive.h(19): warning:  #1295-D: Deprecated declaration receive_imx_send - give arg types
  void receive_imx_send();
..\..\Utilities\Camera\serial_receive.h(20): warning:  #1295-D: Deprecated declaration receive_imxfilename - give arg types
  void receive_imxfilename();    
..\..\Utilities\Camera\serial_receive.h(28): warning:  #1-D: last line of file ends without a newline
  #endif         
..\..\Utilities\Camera\Serial_receive.c(29): warning:  #1295-D: Deprecated declaration stop_fn - give arg types
  uint8_t stop_fn();
..\..\Utilities\Camera\Serial_receive.c(57): warning:  #1293-D: assignment in condition
        while((dat=(USART_ReceiveData(UART4)!='\0')))
..\..\Utilities\Camera\Serial_receive.c(81): warning:  #1293-D: assignment in condition
        while((dat=(USART_ReceiveData(UART4)!='\0')))
..\..\Utilities\Camera\Serial_receive.c(101): warning:  #1293-D: assignment in condition
   while((dat=(USART_ReceiveData(UART4)!='\0')))
..\..\Utilities\Camera\Serial_receive.c(50): warning:  #177-D: variable "cmd_st" was declared but never referenced
        char cmd_st[6],dat,cmd_res[3]={"ok"};
..\..\Utilities\Camera\Serial_receive.c(51): warning:  #177-D: variable "file_name" was declared but never referenced
        char file_name[20];
..\..\Utilities\Camera\Serial_receive.c(127): warning:  #1293-D: assignment in condition
     while((dat=(USART_ReceiveData(UART4)!='\0')))
..\..\Utilities\Camera\Serial_receive.c(186): warning:  #177-D: variable "vv" was declared but never referenced
                uint8_t vv;
..\..\Utilities\Camera\Serial_receive.c(334): warning:  #1-D: last line of file ends without a newline
        
..\..\Utilities\Camera\Serial_receive.c: 17 warnings, 0 errors
compiling dcmi_ov5640.c...
..\..\Utilities\Camera\dcmi_ov5640.c(1365): warning:  #177-D: variable "i" was declared but never referenced
    uint32_t i;
..\..\Utilities\Camera\dcmi_ov5640.c: 1 warning, 0 errors
compiling Fsmc_Nand.c...
compiling stm324xg_eval.c...
compiling stm324xg_eval_fsmc_sram.c...
linking...
Program Size: Code=12024 RO-data=788 RW-data=8276 ZI-data=620412  
FromELF: creating hex file...
".\Obj\test1.axf" - 0 Error(s), 35 Warning(s).
