<html>
<body>
<pre>
<h1>µVision Build Log</h1>
<h2>Project:</h2>
G:\STM_SourceSW\IMXBLACK_SW\Project\Newsw\test1.uvproj
Project File Date:  01/24/2014

<h2>Output:</h2>
Rebuild target 'Target 1'
assembling startup_stm32f4xx.s...
compiling system_stm32f4xx.c...
compiling main.c...
compiling stm32f4xx_it.c...
compiling misc.c...
compiling stm32f4xx_adc.c...
compiling stm32f4xx_can.c...
compiling stm32f4xx_crc.c...
compiling stm32f4xx_cryp.c...
compiling stm32f4xx_cryp_aes.c...
compiling stm32f4xx_cryp_des.c...
compiling stm32f4xx_cryp_tdes.c...
compiling stm32f4xx_dac.c...
compiling stm32f4xx_dbgmcu.c...
compiling stm32f4xx_dcmi.c...
compiling stm32f4xx_dma.c...
compiling stm32f4xx_exti.c...
compiling stm32f4xx_flash.c...
compiling stm32f4xx_fsmc.c...
compiling stm32f4xx_gpio.c...
compiling stm32f4xx_hash.c...
compiling stm32f4xx_hash_md5.c...
compiling stm32f4xx_hash_sha1.c...
compiling stm32f4xx_i2c.c...
compiling stm32f4xx_iwdg.c...
compiling stm32f4xx_pwr.c...
compiling stm32f4xx_rcc.c...
compiling stm32f4xx_rng.c...
compiling stm32f4xx_rtc.c...
compiling stm32f4xx_sdio.c...
compiling stm32f4xx_spi.c...
compiling stm32f4xx_syscfg.c...
compiling stm32f4xx_tim.c...
compiling stm32f4xx_usart.c...
compiling stm32f4xx_wwdg.c...
linking...
Program Size: Code=3400 RO-data=516 RW-data=28 ZI-data=1884  
FromELF: creating hex file...
".\Obj\test1.axf" - 0 Error(s), 0 Warning(s).
</pre>
</body>
</html>
.c...
compiling stm32f4xx_iwdg.c...
compiling stm32f4xx_pwr.c...
compiling stm32f4xx_rcc.c...
compiling stm32f4xx_rng.c...
compiling stm32f4xx_rtc.c...
compiling stm32f4xx_sdio.c...
compiling stm32f4xx_spi.c...
compiling stm32f4xx_syscfg.c...
compiling stm32f4xx_tim.c...
compiling stm32f4xx_usart.c...
compiling stm32f4xx_wwdg.c...
".\Obj\test1.axf" - 3 Error(s), 0 Warning(s).
Target not created
rror:  #20: identifier "LIS302DL_SELFTEST_NORMAL" is undefined
    LIS302DL_InitStruct.Self_Test = LIS302DL_SELFTEST_NORMAL;
selftest.c(77): warning:  #223-D: function "LIS302DL_Init" declared implicitly
    LIS302DL_Init(&LIS302DL_InitStruct);
selftest.c(80): error:  #20: identifier "LIS302DL_FILTEREDDATASELECTION_OUTPUTREGISTER" is undefined
    LIS302DL_FilterStruct.HighPassFilter_Data_Selection = LIS302DL_FILTEREDDATASELECTION_OUTPUTREGISTER;
selftest.c(81): error:  #20: identifier "LIS302DL_HIGHPASSFILTER_LEVEL_1" is undefined
    LIS302DL_FilterStruct.HighPassFilter_CutOff_Frequency = LIS302DL_HIGHPASSFILTER_LEVEL_1;
selftest.c(82): error:  #20: identifier "LIS302DL_HIGHPASSFILTERINTERRUPT_1_2" is undefined
    LIS302DL_FilterStruct.HighPassFilter_Interrupt = LIS302DL_HIGHPASSFILTERINTERRUPT_1_2;
selftest.c(83): warning:  #223-D: function "LIS302DL_FilterConfig" declared implicitly
    LIS302DL_FilterConfig(&LIS302DL_FilterStruct);
selftest.c(87): warning:  #223-D: function "Delay" declared implicitly
    Delay(30);
selftest.c(90): warning:  #223-D: function "LIS302DL_Read" declared implicitly
    LIS302DL_Read(&temp, LIS302DL_WHO_AM_I_ADDR, 1);
selftest.c(90): error:  #20: identifier "LIS302DL_WHO_AM_I_ADDR" is undefined
    LIS302DL_Read(&temp, LIS302DL_WHO_AM_I_ADDR, 1);
selftest.c(96): warning:  #223-D: function "Fail_Handler" declared implicitly
      Fail_Handler();
selftest.c(103): error:  #20: identifier "LIS302DL_OUT_X_ADDR" is undefined
      LIS302DL_Read(Buffer, LIS302DL_OUT_X_ADDR, 4);
selftest.c(104): warning:  #223-D: function "ABS" declared implicitly
      xdata = ABS((int8_t)(Buffer[0]));
selftest.c(118): warning:  #223-D: function "STM_EVAL_LEDOn" declared implicitly
      STM_EVAL_LEDOn(LED4);
selftest.c(118): error:  #20: identifier "LED4" is undefined
      STM_EVAL_LEDOn(LED4);
selftest.c(121): warning:  #223-D: function "STM_EVAL_PBGetState" declared implicitly
      while (STM_EVAL_PBGetState(BUTTON_USER) == Bit_RESET)
selftest.c(121): error:  #20: identifier "BUTTON_USER" is undefined
      while (STM_EVAL_PBGetState(BUTTON_USER) == Bit_RESET)
selftest.c(130): warning:  #223-D: function "STM_EVAL_LEDOff" declared implicitly
      STM_EVAL_LEDOff(LED4);
selftest.c(135): warning:  #223-D: function "Fail_Handler" declared implicitly
      Fail_Handler();
selftest.c(189): warning:  #223-D: function "Delay" declared implicitly
    Delay(1);
selftest.c(193): warning:  #223-D: function "Fail_Handler" declared implicitly
      Fail_Handler();
selftest.c(210): warning:  #223-D: function "Fail_Handler" declared implicitly
      Fail_Handler();
selftest.c(240): warning:  #223-D: function "Fail_Handler" declared implicitly
      Fail_Handler();
selftest.c(266): warning:  #223-D: function "Fail_Handler" declared implicitly
      Fail_Handler();
selftest.c(292): warning:  #223-D: function "Fail_Handler" declared implicitly
      Fail_Handler();
selftest.c(307): warning:  #223-D: function "STM_EVAL_LEDOn" declared implicitly
    STM_EVAL_LEDOn(LED4);
selftest.c(307): error:  #20: identifier "LED4" is undefined
    STM_EVAL_LEDOn(LED4);
selftest.c(310): warning:  #223-D: function "STM_EVAL_PBGetState" declared implicitly
    while (STM_EVAL_PBGetState(BUTTON_USER) == Bit_RESET)
selftest.c(310): error:  #20: identifier "BUTTON_USER" is undefined
    while (STM_EVAL_PBGetState(BUTTON_USER) == Bit_RESET)
selftest.c(319): warning:  #223-D: function "STM_EVAL_LEDOff" declared implicitly
    STM_EVAL_LEDOff(LED4);
selftest.c(333): warning:  #223-D: function "Fail_Handler" declared implicitly
      Fail_Handler();
selftest.c(360): warning:  #223-D: function "Fail_Handler" declared implicitly
      Fail_Handler();
selftest.c(387): warning:  #223-D: function "Fail_Handler" declared implicitly
      Fail_Handler();
selftest.c(414): warning:  #223-D: function "Fail_Handler" declared implicitly
      Fail_Handler();
selftest.c(453): warning:  #223-D: function "EVAL_AUDIO_SetAudioInterface" declared implicitly
    EVAL_AUDIO_SetAudioInterface(AUDIO_INTERFACE_I2S);
selftest.c(453): error:  #20: identifier "AUDIO_INTERFACE_I2S" is undefined
    EVAL_AUDIO_SetAudioInterface(AUDIO_INTERFACE_I2S);
selftest.c(456): warning:  #223-D: function "EVAL_AUDIO_Init" declared implicitly
    if (EVAL_AUDIO_Init(OUTPUT_DEVICE_HEADPHONE, 87, I2S_AudioFreq_48k) !=0)
selftest.c(456): error:  #20: identifier "OUTPUT_DEVICE_HEADPHONE" is undefined
    if (EVAL_AUDIO_Init(OUTPUT_DEVICE_HEADPHONE, 87, I2S_AudioFreq_48k) !=0)
selftest.c(458): warning:  #223-D: function "Fail_Handler" declared implicitly
      Fail_Handler();
selftest.c(537): warning:  #223-D: function "Fail_Handler" declared implicitly
      Fail_Handler();
selftest.c(540): warning:  #223-D: function "EVAL_AUDIO_DeInit" declared implicitly
    EVAL_AUDIO_DeInit();
selftest.c(541): error:  #20: identifier "AUDIO_INTERFACE_DAC" is undefined
    EVAL_AUDIO_SetAudioInterface(AUDIO_INTERFACE_DAC);
selftest.c(545): warning:  #223-D: function "Fail_Handler" declared implicitly
      Fail_Handler();
selftest.c(591): warning:  #223-D: function "Fail_Handler" declared implicitly
      Fail_Handler();
selftest.c(595): warning:  #223-D: function "STM_EVAL_LEDOn" declared implicitly
    STM_EVAL_LEDOn(LED4);
selftest.c(595): error:  #20: identifier "LED4" is undefined
    STM_EVAL_LEDOn(LED4);
selftest.c(598): warning:  #223-D: function "STM_EVAL_PBGetState" declared implicitly
    while (STM_EVAL_PBGetState(BUTTON_USER) == Bit_RESET)
selftest.c(598): error:  #20: identifier "BUTTON_USER" is undefined
    while (STM_EVAL_PBGetState(BUTTON_USER) == Bit_RESET)
selftest.c(602): warning:  #223-D: function "STM_EVAL_LEDOff" declared implicitly
    STM_EVAL_LEDOff(LED4);
selftest.c(623): error:  #20: identifier "SPI_SCK_GPIO_CLK" is undefined
    RCC_AHB1PeriphClockCmd(SPI_SCK_GPIO_CLK | SPI_MOSI_GPIO_CLK, ENABLE);
selftest.c(623): error:  #20: identifier "SPI_MOSI_GPIO_CLK" is undefined
    RCC_AHB1PeriphClockCmd(SPI_SCK_GPIO_CLK | SPI_MOSI_GPIO_CLK, ENABLE);
selftest.c(631): error:  #20: identifier "SPI_SCK_PIN" is undefined
    GPIO_InitStructure.GPIO_Pin = SPI_SCK_PIN;
selftest.c(632): error:  #20: identifier "SPI_SCK_GPIO_PORT" is undefined
    GPIO_Init(SPI_SCK_GPIO_PORT, &GPIO_InitStructure);
selftest.c(635): error:  #20: identifier "SPI_SCK_SOURCE" is undefined
    GPIO_PinAFConfig(SPI_SCK_GPIO_PORT, SPI_SCK_SOURCE, SPI_SCK_AF);
selftest.c(635): error:  #20: identifier "SPI_SCK_AF" is undefined
    GPIO_PinAFConfig(SPI_SCK_GPIO_PORT, SPI_SCK_SOURCE, SPI_SCK_AF);
selftest.c(638): error:  #20: identifier "SPI_MOSI_PIN" is undefined
    GPIO_InitStructure.GPIO_Pin =  SPI_MOSI_PIN;
selftest.c(639): error:  #20: identifier "SPI_MOSI_GPIO_PORT" is undefined
    GPIO_Init(SPI_MOSI_GPIO_PORT, &GPIO_InitStructure);
selftest.c: 33 warnings, 30 errors
compiling stm32f4xx_it.c...
compiling misc.c...
compiling stm32f4xx_adc.c...
compiling stm32f4xx_can.c...
compiling stm32f4xx_crc.c...
compiling stm32f4xx_cryp.c...
compiling stm32f4xx_cryp_aes.c...
compiling stm32f4xx_cryp_des.c...
compiling stm32f4xx_cryp_tdes.c...
compiling stm32f4xx_dac.c...
compiling stm32f4xx_dbgmcu.c...
compiling stm32f4xx_dcmi.c...
compiling stm32f4xx_dma.c...
compiling stm32f4xx_exti.c...
compiling stm32f4xx_flash.c...
compiling stm32f4xx_fsmc.c...
compiling stm32f4xx_gpio.c...
compiling stm32f4xx_hash.c...
compiling stm32f4xx_hash_md5.c...
compiling stm32f4xx_hash_sha1.c...
compiling stm32f4xx_i2c.c...
compiling stm32f4xx_iwdg.c...
compiling stm32f4xx_pwr.c...
compiling stm32f4xx_rcc.c...
compiling stm32f4xx_rng.c...
compiling stm32f4xx_rtc.c...
compiling stm32f4xx_sdio.c...
compiling stm32f4xx_spi.c...
compiling stm32f4xx_syscfg.c...
compiling stm32f4xx_tim.c...
compiling stm32f4xx_usart.c...
compiling stm32f4xx_wwdg.c...
".\Obj\test1.axf" - 33 Error(s), 33 Warning(s).
Target not created
