ARM Linker, 5.03 [Build 76] [MDK-ARM Lite]

==============================================================================

Section Cross References

    startup_stm32f4xx.o(STACK) refers (Special) to heapauxi.o(.text) for __use_two_region_memory
    startup_stm32f4xx.o(HEAP) refers (Special) to heapauxi.o(.text) for __use_two_region_memory
    startup_stm32f4xx.o(RESET) refers (Special) to heapauxi.o(.text) for __use_two_region_memory
    startup_stm32f4xx.o(RESET) refers to startup_stm32f4xx.o(STACK) for __initial_sp
    startup_stm32f4xx.o(RESET) refers to startup_stm32f4xx.o(.text) for Reset_Handler
    startup_stm32f4xx.o(RESET) refers to stm32f4xx_it.o(i.NMI_Handler) for NMI_Handler
    startup_stm32f4xx.o(RESET) refers to stm32f4xx_it.o(i.HardFault_Handler) for HardFault_Handler
    startup_stm32f4xx.o(RESET) refers to stm32f4xx_it.o(i.MemManage_Handler) for MemManage_Handler
    startup_stm32f4xx.o(RESET) refers to stm32f4xx_it.o(i.BusFault_Handler) for BusFault_Handler
    startup_stm32f4xx.o(RESET) refers to stm32f4xx_it.o(i.UsageFault_Handler) for UsageFault_Handler
    startup_stm32f4xx.o(RESET) refers to stm32f4xx_it.o(i.SVC_Handler) for SVC_Handler
    startup_stm32f4xx.o(RESET) refers to stm32f4xx_it.o(i.DebugMon_Handler) for DebugMon_Handler
    startup_stm32f4xx.o(RESET) refers to stm32f4xx_it.o(i.PendSV_Handler) for PendSV_Handler
    startup_stm32f4xx.o(RESET) refers to stm32f4xx_it.o(i.SysTick_Handler) for SysTick_Handler
    startup_stm32f4xx.o(RESET) refers to serial_receive.o(i.EXTI0_IRQHandler) for EXTI0_IRQHandler
    startup_stm32f4xx.o(.text) refers (Special) to heapauxi.o(.text) for __use_two_region_memory
    startup_stm32f4xx.o(.text) refers to system_stm32f4xx.o(i.SystemInit) for SystemInit
    startup_stm32f4xx.o(.text) refers to __main.o(!!!main) for __main
    startup_stm32f4xx.o(.text) refers to startup_stm32f4xx.o(HEAP) for Heap_Mem
    startup_stm32f4xx.o(.text) refers to startup_stm32f4xx.o(STACK) for Stack_Mem
    system_stm32f4xx.o(i.SystemCoreClockUpdate) refers to system_stm32f4xx.o(.data) for .data
    system_stm32f4xx.o(i.SystemInit) refers to system_stm32f4xx.o(i.SetSysClock) for SetSysClock
    main.o(i.I2C_Config) refers to stm32f4xx_rcc.o(i.RCC_APB1PeriphClockCmd) for RCC_APB1PeriphClockCmd
    main.o(i.I2C_Config) refers to stm32f4xx_rcc.o(i.RCC_AHB1PeriphClockCmd) for RCC_AHB1PeriphClockCmd
    main.o(i.I2C_Config) refers to stm32f4xx_rcc.o(i.RCC_APB1PeriphResetCmd) for RCC_APB1PeriphResetCmd
    main.o(i.I2C_Config) refers to stm32f4xx_gpio.o(i.GPIO_Init) for GPIO_Init
    main.o(i.I2C_Config) refers to stm32f4xx_gpio.o(i.GPIO_PinAFConfig) for GPIO_PinAFConfig
    main.o(i.TIMER_START) refers to stm32f4xx_tim.o(i.TIM_TimeBaseInit) for TIM_TimeBaseInit
    main.o(i.TIMER_START) refers to stm32f4xx_tim.o(i.TIM_ClearITPendingBit) for TIM_ClearITPendingBit
    main.o(i.TIMER_START) refers to stm32f4xx_tim.o(i.TIM_ITConfig) for TIM_ITConfig
    main.o(i.TIMER_START) refers to stm32f4xx_tim.o(i.TIM_Cmd) for TIM_Cmd
    main.o(i.TIMER_START) refers to system_stm32f4xx.o(.data) for SystemCoreClock
    main.o(i.TIMER_START) refers to main.o(.data) for .data
    main.o(i.TIMER_START) refers to main.o(.bss) for .bss
    main.o(i.TIM_Config) refers to stm32f4xx_rcc.o(i.RCC_APB1PeriphClockCmd) for RCC_APB1PeriphClockCmd
    main.o(i.TIM_Config) refers to misc.o(i.NVIC_Init) for NVIC_Init
    main.o(i.fputc) refers to stm32f4xx_usart.o(i.USART_SendData) for USART_SendData
    main.o(i.fputc) refers to stm32f4xx_usart.o(i.USART_GetFlagStatus) for USART_GetFlagStatus
    main.o(i.main) refers to stm32f4xx_usart.o(i.USART_Init) for USART_Init
    main.o(i.main) refers to noretval__2printf.o(.text) for __2printf
    main.o(i.main) refers to stm324xg_eval_fsmc_sram.o(i.SRAM_Init) for SRAM_Init
    main.o(i.main) refers to stm324xg_eval_fsmc_sram.o(i.SRAM_WriteBuffer) for SRAM_WriteBuffer
    main.o(i.main) refers to stm324xg_eval_fsmc_sram.o(i.SRAM_ReadBuffer) for SRAM_ReadBuffer
    main.o(i.main) refers to fsmc_nand.o(i.FSMC_MT29F1_NAND_Init) for FSMC_MT29F1_NAND_Init
    main.o(i.main) refers to main.o(i.TIM_Config) for TIM_Config
    main.o(i.main) refers to main.o(i.I2C_Config) for I2C_Config
    main.o(i.main) refers to stm32f4xx_rcc.o(i.RCC_GetClocksFreq) for RCC_GetClocksFreq
    main.o(i.main) refers to dcmi_ov5640.o(i.OV5640_HW_Init) for OV5640_HW_Init
    main.o(i.main) refers to dcmi_ov5640.o(i.OV5640_ReadID) for OV5640_ReadID
    main.o(i.main) refers to serial_receive.o(i.DCMI_0V5670_PWDN_Init) for DCMI_0V5670_PWDN_Init
    main.o(i.main) refers to camera_api.o(i.Camera_Config) for Camera_Config
    main.o(i.main) refers to stm32f4xx_dma.o(i.DMA_Cmd) for DMA_Cmd
    main.o(i.main) refers to stm32f4xx_dcmi.o(i.DCMI_Cmd) for DCMI_Cmd
    main.o(i.main) refers to stm32f4xx_usart.o(i.USART_ReceiveData) for USART_ReceiveData
    main.o(i.main) refers to serial_receive.o(i.Serialcongig) for Serialcongig
[...]
    .text                                    0x080009a8   Section        0  _printf_intcommon.o(.text)
    .text                                    0x08000a60   Section        0  _printf_char_common.o(.text)
    _printf_input_char                       0x08000a61   Thumb Code    10  _printf_char_common.o(.text)
    .text                                    0x08000a90   Section        0  _sputc.o(.text)
    .text                                    0x08000a9a   Section        0  _snputc.o(.text)
    .text                                    0x08000aaa   Section        0  _printf_char.o(.text)
    .text                                    0x08000ad8   Section        0  _printf_char_file.o(.text)
    .text                                    0x08000afc   Section        0  strtol.o(.text)
    .text                                    0x08000b6c   Section        0  stdio.o(.text)
    .text                                    0x08000c5c   Section       78  rt_memclr_w.o(.text)
    .text                                    0x08000cac   Section        8  libspace.o(.text)
    .text                                    0x08000cb4   Section        2  use_no_semi.o(.text)
    .text                                    0x08000cb6   Section        0  indicate_semi.o(.text)
    .text                                    0x08000cb8   Section       16  rt_ctype_table.o(.text)
    .text                                    0x08000cc8   Section        8  rt_heap_descriptor_intlibspace.o(.text)
    .text                                    0x08000cd0   Section        0  hguard.o(.text)
    .text                                    0x08000cd4   Section        0  init_alloc.o(.text)
    .text                                    0x08000d5e   Section        0  h1_init.o(.text)
    .text                                    0x08000d6c   Section        0  _strtoul.o(.text)
    .text                                    0x08000e0a   Section        0  ferror.o(.text)
    .text                                    0x08000e12   Section        0  filbuf.o(.text)
    .text                                    0x08001054   Section        0  initio.o(.text)
    .text                                    0x0800118c   Section      100  rt_memcpy_w.o(.text)
    .text                                    0x080011f0   Section       74  sys_stackheap_outer.o(.text)
    .text                                    0x0800123c   Section        8  rt_locale_intlibspace.o(.text)
    .text                                    0x08001244   Section        0  h1_extend.o(.text)
    .text                                    0x08001278   Section        0  _chval.o(.text)
    .text                                    0x08001294   Section        0  setvbuf.o(.text)
    .text                                    0x080012da   Section        0  freadfast.o(.text)
    .text                                    0x080013f8   Section        0  flushlinebuffered.o(.text)
    .text                                    0x08001430   Section        0  exit.o(.text)
    .text                                    0x0800143c   Section        0  defsig_rtred_outer.o(.text)
    .text                                    0x0800144a   Section        0  defsig_rtmem_outer.o(.text)
    .text                                    0x08001458   Section        0  fflush.o(.text)
    .text                                    0x080014bc   Section        0  defsig_exit.o(.text)
    .text                                    0x080014c8   Section        0  defsig_rtred_inner.o(.text)
    .text                                    0x080014fc   Section        0  defsig_rtmem_inner.o(.text)
    .text                                    0x0800154c   Section      138  rt_memcpy_v6.o(.text)
    .text                                    0x080015d8   Section        0  sys_exit.o(.text)
    .text                                    0x080015e4   Section        0  defsig_general.o(.text)
    .text                                    0x08001616   Section        0  sys_wrch.o(.text)
    i.BusFault_Handler                       0x08001624   Section        0  stm32f4xx_it.o(i.BusFault_Handler)
    i.Camera_Config                          0x08001628   Section        0  camera_api.o(i.Camera_Config)
    i.DCMI_0V5670_PWDN_Init                  0x080016dc   Section        0  serial_receive.o(i.DCMI_0V5670_PWDN_Init)
    i.DCMI_CaptureCmd                        0x0800173c   Section        0  stm32f4xx_dcmi.o(i.DCMI_CaptureCmd)
    i.DCMI_Cmd                               0x08001758   Section        0  stm32f4xx_dcmi.o(i.DCMI_Cmd)
    i.DCMI_Init                              0x08001774   Section        0  stm32f4xx_dcmi.o(i.DCMI_Init)
    i.DMA_Cmd                                0x080017b0   Section        0  stm32f4xx_dma.o(i.DMA_Cmd)
    i.DMA_DeInit                             0x080017c4   Section        0  stm32f4xx_dma.o(i.DMA_DeInit)
    i.DMA_Init                               0x080018e8   Section        0  stm32f4xx_dma.o(i.DMA_Init)
    i.DebugMon_Handler                       0x0800193c   Section        0  stm32f4xx_it.o(i.DebugMon_Handler)
    i.Delay                                  0x08001940   Section        0  camera_api.o(i.Delay)
    i.EXTI0_IRQHandler                       0x08001950   Section        0  serial_receive.o(i.EXTI0_IRQHandler)
    i.EXTI_ClearITPendingBit                 0x0800196c   Section        0  stm32f4xx_exti.o(i.EXTI_ClearITPendingBit)
    i.EXTI_GenerateSWInterrupt               0x08001978   Section        0  stm32f4xx_exti.o(i.EXTI_GenerateSWInterrupt)
    i.EXTI_GetITStatus                       0x08001988   Section        0  stm32f4xx_exti.o(i.EXTI_GetITStatus)
    i.FSMC_MT29F1_NAND_Init                  0x080019a8   Section        0  fsmc_nand.o(i.FSMC_MT29F1_NAND_Init)
    i.FSMC_NANDCmd                           0x08001adc   Section        0  stm32f4xx_fsmc.o(i.FSMC_NANDCmd)
    i.FSMC_NANDInit                          0x08001b14   Section        0  stm32f4xx_fsmc.o(i.FSMC_NANDInit)
    i.FSMC_NANDStructInit                    0x08001b7c   Section        0  stm32f4xx_fsmc.o(i.FSMC_NANDStructInit)
    i.FSMC_NORSRAMCmd                        0x08001bb4   Section        0  stm32f4xx_fsmc.o(i.FSMC_NORSRAMCmd)
    i.FSMC_NORSRAMInit                       0x08001bd4   Section        0  stm32f4xx_fsmc.o(i.FSMC_NORSRAMInit)
    i.GPIO_Init                              0x08001c94   Section        0  stm32f4xx_gpio.o(i.GPIO_Init)
    i.GPIO_PinAFConfig                       0x08001d36   Section        0  stm32f4xx_gpio.o(i.GPIO_PinAFConfig)
    i.GPIO_ResetBits                         0x08001d56   Section        0  stm32f4xx_gpio.o(i.GPIO_ResetBits)
    i.GPIO_SetBits                           0x08001d5a   Section        0  stm32f4xx_gpio.o(i.GPIO_SetBits)
    i.GPIO_StructInit                        0x08001d5e   Section        0  stm32f4xx_gpio.o(i.GPIO_StructInit)
    i.HardFault_Handler                      0x08001d70   Section        0  stm32f4xx_it.o(i.HardFault_Handler)
    i.I2C_AcknowledgeConfig                  0x08001d72   Section        0  stm32f4xx_i2c.o(i.I2C_AcknowledgeConfig)
    i.I2C_CheckEvent                         0x08001d86   Section        0  stm32f4xx_i2c.o(i.I2C_CheckEvent)
    i.I2C_Cmd                                0x08001d9e   Section        0  stm32f4xx_i2c.o(i.I2C_Cmd)
    i.I2C_Config                             0x08001db4   Section        0  main.o(i.I2C_Config)
    I2C_Config                               0x08001db5   Thumb Code   122  main.o(i.I2C_Config)
    i.I2C_DeInit                             0x08001e34   Section        0  stm32f4xx_i2c.o(i.I2C_DeInit)
    i.I2C_GenerateSTART                      0x08001e78   Section        0  stm32f4xx_i2c.o(i.I2C_GenerateSTART)
    i.I2C_GenerateSTOP                       0x08001e8c   Section        0  stm32f4xx_i2c.o(i.I2C_GenerateSTOP)
    i.I2C_Init                               0x08001ea0   Section        0  stm32f4xx_i2c.o(i.I2C_Init)
    i.I2C_ReceiveData                        0x08001f54   Section        0  stm32f4xx_i2c.o(i.I2C_ReceiveData)
    i.I2C_Send7bitAddress                    0x08001f5a   Section        0  stm32f4xx_i2c.o(i.I2C_Send7bitAddress)
    i.I2C_SendData                           0x08001f6a   Section        0  stm32f4xx_i2c.o(i.I2C_SendData)
    i.MemManage_Handler                      0x08001f6e   Section        0  stm32f4xx_it.o(i.MemManage_Handler)
    i.NMI_Handler                            0x08001f70   Section        0  stm32f4xx_it.o(i.NMI_Handler)
    i.NVIC_Init                              0x08001f74   Section        0  misc.o(i.NVIC_Init)
    i.OV5640_HW_Init                         0x08001fd8   Section        0  dcmi_ov5640.o(i.OV5640_HW_Init)
    i.OV5640_Init                            0x0800213c   Section        0  dcmi_ov5640.o(i.OV5640_Init)
    i.OV5640_JPEG_1280_720                   0x080021d8   Section        0  dcmi_ov5640.o(i.OV5640_JPEG_1280_720)
    i.OV5640_JPEG_1920_1080                  0x0800220c   Section        0  dcmi_ov5640.o(i.OV5640_JPEG_1920_1080)
    i.OV5640_JPEG_5MP_2592_1944              0x08002240   Section        0  dcmi_ov5640.o(i.OV5640_JPEG_5MP_2592_1944)
    i.OV5640_RAW_1280_720                    0x08002274   Section        0  dcmi_ov5640.o(i.OV5640_RAW_1280_720)
    i.OV5640_RAW_1920_1080                   0x080022a8   Section        0  dcmi_ov5640.o(i.OV5640_RAW_1920_1080)
    i.OV5640_RAW_320_240                     0x080022dc   Section        0  dcmi_ov5640.o(i.OV5640_RAW_320_240)
    i.OV5640_RAW_5MP_QSXGA_2592_1944         0x0800230c   Section        0  dcmi_ov5640.o(i.OV5640_RAW_5MP_QSXGA_2592_1944)
    i.OV5640_RAW_640_480                     0x0800233c   Section        0  dcmi_ov5640.o(i.OV5640_RAW_640_480)
    i.OV5640_ReadID                          0x08002370   Section        0  dcmi_ov5640.o(i.OV5640_ReadID)
    i.OV5640_ReadReg                         0x0800238c   Section        0  dcmi_ov5640.o(i.OV5640_ReadReg)
    i.OV5640_Reset                           0x0800248c   Section        0  dcmi_ov5640.o(i.OV5640_Reset)
    i.OV5640_WriteReg                        0x080024ac   Section        0  dcmi_ov5640.o(i.OV5640_WriteReg)
    i.PendSV_Handler                         0x08002558   Section        0  stm32f4xx_it.o(i.PendSV_Handler)
    i.RCC_AHB1PeriphClockCmd                 0x0800255c   Section        0  stm32f4xx_rcc.o(i.RCC_AHB1PeriphClockCmd)
    i.RCC_AHB2PeriphClockCmd                 0x08002574   Section        0  stm32f4xx_rcc.o(i.RCC_AHB2PeriphClockCmd)
    i.RCC_AHB3PeriphClockCmd                 0x0800258c   Section        0  stm32f4xx_rcc.o(i.RCC_AHB3PeriphClockCmd)
    i.RCC_APB1PeriphClockCmd                 0x080025a4   Section        0  stm32f4xx_rcc.o(i.RCC_APB1PeriphClockCmd)
    i.RCC_APB1PeriphResetCmd                 0x080025bc   Section        0  stm32f4xx_rcc.o(i.RCC_APB1PeriphResetCmd)
    i.RCC_GetClocksFreq                      0x080025d4   Section        0  stm32f4xx_rcc.o(i.RCC_GetClocksFreq)
    i.SRAM_Init                              0x08002668   Section        0  stm324xg_eval_fsmc_sram.o(i.SRAM_Init)
    i.SRAM_ReadBuffer                        0x080028e8   Section        0  stm324xg_eval_fsmc_sram.o(i.SRAM_ReadBuffer)
    i.SRAM_WriteBuffer                       0x08002900   Section        0  stm324xg_eval_fsmc_sram.o(i.SRAM_WriteBuffer)
    i.SVC_Handler                            0x0800291a   Section        0  stm32f4xx_it.o(i.SVC_Handler)
    i.Serialcongig                           0x0800291c   Section        0  serial_receive.o(i.Serialcongig)
    i.SetSysClock                            0x08002928   Section        0  system_stm32f4xx.o(i.SetSysClock)
    SetSysClock                              0x08002929   Thumb Code   162  system_stm32f4xx.o(i.SetSysClock)
    i.SysTick_Handler                        0x080029dc   Section        0  stm32f4xx_it.o(i.SysTick_Handler)
    i.SystemInit                             0x080029e0   Section        0  system_stm32f4xx.o(i.SystemInit)
    i.TIMER_START                            0x08002a3c   Section        0  main.o(i.TIMER_START)
    i.TIM_ClearITPendingBit                  0x08002aac   Section        0  stm32f4xx_tim.o(i.TIM_ClearITPendingBit)
    i.TIM_Cmd                                0x08002ab2   Section        0  stm32f4xx_tim.o(i.TIM_Cmd)
    i.TIM_Config                             0x08002ac6   Section        0  main.o(i.TIM_Config)
    i.TIM_ITConfig                           0x08002aee   Section        0  stm32f4xx_tim.o(i.TIM_ITConfig)
    i.TIM_TimeBaseInit                       0x08002b00   Section        0  stm32f4xx_tim.o(i.TIM_TimeBaseInit)
    i.UART_SendFrame                         0x08002b7c   Section        0  serial_receive.o(i.UART_SendFrame)
    i.USART_GetFlagStatus                    0x08002bcc   Section        0  stm32f4xx_usart.o(i.USART_GetFlagStatus)
    i.USART_Init                             0x08002bdc   Section        0  stm32f4xx_usart.o(i.USART_Init)
    i.USART_ReceiveData                      0x08002c94   Section        0  stm32f4xx_usart.o(i.USART_ReceiveData)
    i.USART_SendData                         0x08002c9c   Section        0  stm32f4xx_usart.o(i.USART_SendData)
    i.UsageFault_Handler                     0x08002ca4   Section        0  stm32f4xx_it.o(i.UsageFault_Handler)
    i.capture_start                          0x08002ca8   Section        0  serial_receive.o(i.capture_start)
    i.fputc                                  0x08002d04   Section        0  main.o(i.fputc)
    i.imagesent                              0x08002d28   Section        0  serial_receive.o(i.imagesent)
    i.main                                   0x08002dc4   Section        0  main.o(i.main)
    i.receive_imxfilename                    0x08002ed8   Section        0  serial_receive.o(i.receive_imxfilename)
    locale$$code                             0x08003048   Section       44  lc_ctype_c.o(locale$$code)
    x$fpl$fpinit                             0x08003074   Section       10  fpinit.o(x$fpl$fpinit)
    $v0                                      0x08003074   Number         0  fpinit.o(x$fpl$fpinit)
    .constdata                               0x08003080   Section       78  main.o(.constdata)
    .constdata                               0x080030ce   Section        4  sys_io.o(.constdata)
    .constdata                               0x080030d2   Section        4  sys_io.o(.constdata)
    .constdata                               0x080030d6   Section        4  sys_io.o(.constdata)
    locale$$data                             0x080030fc   Section      272  lc_ctype_c.o(locale$$data)
    __lcctype_c_name                         0x08003100   Data           2  lc_ctype_c.o(locale$$data)
    __lcctype_c_start                        0x08003108   Data           0  lc_ctype_c.o(locale$$data)
    __lcctype_c_end                          0x0800320c   Data           0  lc_ctype_c.o(locale$$data)
    .data                                    0x20000000   Section       20  system_stm32f4xx.o(.data)
    .data                                    0x20000014   Section       16  main.o(.data)
    .data                                    0x20000024   Section       16  stm32f4xx_rcc.o(.data)
    APBAHBPrescTable                         0x20000024   Data          16  stm32f4xx_rcc.o(.data)
    .data                                    0x20000034   Section        8  camera_api.o(.data)
    TimingDelay                              0x20000038   Data           4  camera_api.o(.data)
    .data                                    0x2000003c   Section       20  serial_receive.o(.data)
    Interval_timer                           0x2000003c   Data           4  serial_receive.o(.data)
    count_filename                           0x20000048   Data           4  serial_receive.o(.data)
    .data                                    0x20000050   Section     8184  dcmi_ov5640.o(.data)
    raw_ov5640_setting_30fps_QVGA_320_240    0x20000050   Data        1012  dcmi_ov5640.o(.data)
    raw_ov6540_setting_30fps_VGA_640_480     0x20000444   Data        1032  dcmi_ov5640.o(.data)
    raw_ov5640_setting_30fps_720P_1280_720   0x2000084c   Data        1036  dcmi_ov5640.o(.data)
    raw_ov5640_setting_15fps_1080P_1920_1080 0x20000c58   Data        1040  dcmi_ov5640.o(.data)
    raw_ov5640_setting_15fps_QSXGA_2592_1944 0x20001068   Data         952  dcmi_ov5640.o(.data)
    Jpeg_ov5640_setting_15fps_720_1280_720   0x20001420   Data        1036  dcmi_ov5640.o(.data)
    Jpeg_ov5640_setting_30fps_1920_1080      0x2000182c   Data        1040  dcmi_ov5640.o(.data)
    Jpeg_ov5640_setting_15fps_QSXGA_2592_1944 0x20001c3c   Data        1036  dcmi_ov5640.o(.data)
    .data                                    0x20002048   Section        4  stdio_streams.o(.data)
    .data                                    0x2000204c   Section        4  stdio_streams.o(.data)
    .data                                    0x20002050   Section        4  stdio_streams.o(.data)
    .bss                                     0x20002054   Section     1052  main.o(.bss)
    .bss                                     0x20002470   Section     3072  serial_receive.o(.bss)
    .bss                                     0x20003070   Section    614400  dcmi_ov5640.o(.bss)
    .bss                                     0x20099070   Section       84  stdio_streams.o(.bss)
    .bss                                     0x200990c4   Section       84  stdio_streams.o(.bss)
    .bss                                     0x20099118   Section       84  stdio_streams.o(.bss)
    .bss                                     0x2009916c   Section       96  libspace.o(.bss)
    HEAP                                     0x200991d0   Section      512  startup_stm32f4xx.o(HEAP)
    Heap_Mem                                 0x200991d0   Data         512  startup_stm32f4xx.o(HEAP)
    STACK                                    0x200993d0   Section     1024  startup_stm32f4xx.o(STACK)
    Stack_Mem                                0x200993d0   Data        1024  startup_stm32f4xx.o(STACK)
    __initial_sp                             0x200997d0   Data           0  startup_stm32f4xx.o(STACK)

    Global Symbols

    Symbol Name                              Value     Ov Type        Size  Object(Section)

    BuildAttributes$$THM_ISAv4$E$P$D$K$B$S$7EM$VFPi3$EXTD16$VFPS$VFMA$PE$A:L22UL41UL21$X:L11$S22US41US21$IEEE1$IW$USESV6$~STKCKD$USESV7$~SHL$OTIME$ROPI$EBA8$UX$STANDARDLIB$REQ8$PRES8$EABIv2 0x00000000   Number         0  anon$$obj.o ABSOLUTE
    __ARM_use_no_argv                        0x00000000   Number         0  main.o ABSOLUTE
    __ARM_exceptions_init                     - Undefined Weak Reference
    __alloca_initialize                       - Undefined Weak Reference
    __cpp_initialize__aeabi_                  - Undefined Weak Reference
    __cxa_finalize                            - Undefined Weak Reference
    __sigvec_lookup                           - Undefined Weak Reference
    __user_heap_extent                        - Undefined Weak Reference
    _atexit_init                              - Undefined Weak Reference
    _call_atexit_fns                          - Undefined Weak Reference
    _clock_init                               - Undefined Weak Reference
    _fp_trap_init                             - Undefined Weak Reference
    _fp_trap_shutdown                         - Undefined Weak Reference
    _get_lc_collate                           - Undefined Weak Reference
    _get_lc_monetary                          - Undefined Weak Reference
    _get_lc_numeric                           - Undefined Weak Reference
    _get_lc_time                              - Undefined Weak Reference
    _getenv_init                              - Undefined Weak Reference
    _handle_redirection                       - Undefined Weak Reference
    _mutex_acquire                            - Undefined Weak Reference
    _mutex_free                               - Undefined Weak Reference
    _mutex_release                            - Undefined Weak Reference
    _printf_mbtowc                            - Undefined Weak Reference
    _printf_post_padding                      - Undefined Weak Reference
    _printf_pre_padding                       - Undefined Weak Reference
    _printf_truncate_signed                   - Undefined Weak Reference
    _printf_truncate_unsigned                 - Undefined Weak Reference
    _rand_init                                - Undefined Weak Reference
    _signal_finish                            - Undefined Weak Reference
    _signal_init                              - Undefined Weak Reference
    __Vectors_Size                           0x00000188   Number         0  startup_stm32f4xx.o ABSOLUTE
    __Vectors                                0x08000000   Data           4  startup_stm32f4xx.o(RESET)
    __Vectors_End                            0x08000188   Data           0  startup_stm32f4xx.o(RESET)
    __main                                   0x08000189   Thumb Code     8  __main.o(!!!main)
    __scatterload                            0x08000191   Thumb Code     0  __scatter.o(!!!scatter)
    __scatterload_rt2                        0x08000191   Thumb Code    44  __scatter.o(!!!scatter)
    __scatterload_rt2_thumb_only             0x08000191   Thumb Code     0  __scatter.o(!!!scatter)
    __scatterload_null                       0x0800019f   Thumb Code     0  __scatter.o(!!!scatter)
    __decompress                             0x080001c5   Thumb Code   100  __dclz77c.o(!!dclz77c)
    __decompress2                            0x080001c5   Thumb Code     0  __dclz77c.o(!!dclz77c)
    __scatterload_zeroinit                   0x08000229   Thumb Code    28  __scatter_zi.o(!!handler_zi)
    _printf_d                                0x08000245   Thumb Code     0  _printf_d.o(.ARM.Collect$$_printf_percent$$00000009)
    _printf_percent                          0x08000245   Thumb Code     0  _printf_percent.o(.ARM.Collect$$_printf_percent$$00000000)
    _printf_s                                0x0800024b   Thumb Code     0  _printf_s.o(.ARM.Collect$$_printf_percent$$00000014)
    _printf_percent_end                      0x08000251   Thumb Code     0  _printf_percent_end.o(.ARM.Collect$$_printf_percent$$00000017)
    __rt_lib_init                            0x08000255   Thumb Code     0  libinit.o(.ARM.Collect$$libinit$$00000000)
    __rt_lib_init_fp_1                       0x08000257   Thumb Code     0  libinit2.o(.ARM.Collect$$libinit$$00000001)
    __rt_lib_init_heap_2                     0x0800025b   Thumb Code     0  libinit2.o(.ARM.Collect$$libinit$$00000003)
    __rt_lib_init_heap_1                     0x08000263   Thumb Code     0  libinit2.o(.ARM.Collect$$libinit$$00000008)
    __rt_lib_init_lc_common                  0x08000263   Thumb Code     0  libinit2.o(.ARM.Collect$$libinit$$0000000D)
    __rt_lib_init_rand_1                     0x08000263   Thumb Code     0  libinit2.o(.ARM.Collect$$libinit$$0000000C)
    __rt_lib_init_user_alloc_1               0x08000263   Thumb Code     0  libinit2.o(.ARM.Collect$$libinit$$0000000A)
    __rt_lib_init_lc_collate_1               0x08000269   Thumb Code     0  libinit2.o(.ARM.Collect$$libinit$$0000000F)
    __rt_lib_init_lc_ctype_2                 0x08000269   Thumb Code     0  libinit2.o(.ARM.Collect$$libinit$$00000010)
    __rt_lib_init_atexit_1                   0x08000275   Thumb Code     0  libinit2.o(.ARM.Collect$$libinit$$00000019)
    __rt_lib_init_clock_1                    0x08000275   Thumb Code     0  libinit2.o(.ARM.Collect$$libinit$$0000001F)
    __rt_lib_init_fp_trap_1                  0x08000275   Thumb Code     0  libinit2.o(.ARM.Collect$$libinit$$0000001D)
    __rt_lib_init_getenv_1                   0x08000275   Thumb Code     0  libinit2.o(.ARM.Collect$$libinit$$00000021)
    __rt_lib_init_lc_ctype_1                 0x08000275   Thumb Code     0  libinit2.o(.ARM.Collect$$libinit$$00000011)
    __rt_lib_init_lc_monetary_1              0x08000275   Thumb Code     0  libinit2.o(.ARM.Collect$$libinit$$00000013)
    __rt_lib_init_lc_numeric_1               0x08000275   Thumb Code     0  libinit2.o(.ARM.Collect$$libinit$$00000015)
    __rt_lib_init_lc_time_1                  0x08000275   Thumb Code     0  libinit2.o(.ARM.Collect$$libinit$$00000017)
    __rt_lib_init_signal_1                   0x08000275   Thumb Code     0  libinit2.o(.ARM.Collect$$libinit$$0000001B)
    __rt_lib_init_stdio_2                    0x08000275   Thumb Code     0  libinit2.o(.ARM.Collect$$libinit$$00000022)
    __rt_lib_init_alloca_1                   0x08000279   Thumb Code     0  libinit2.o(.ARM.Collect$$libinit$$0000002C)
    __rt_lib_init_argv_1                     0x08000279   Thumb Code     0  libinit2.o(.ARM.Collect$$libinit$$0000002A)
    __rt_lib_init_cpp_1                      0x08000279   Thumb Code     0  libinit2.o(.ARM.Collect$$libinit$$00000030)
    __rt_lib_init_exceptions_1               0x08000279   Thumb Code     0  libinit2.o(.ARM.Collect$$libinit$$0000002E)
    __rt_lib_init_return                     0x08000279   Thumb Code     0  libinit2.o(.ARM.Collect$$libinit$$00000031)
    __rt_lib_init_stdio_1                    0x08000279   Thumb Code     0  libinit2.o(.ARM.Collect$$libinit$$00000023)
    __rt_lib_shutdown                        0x0800027b   Thumb Code     0  libshutdown.o(.ARM.Collect$$libshutdown$$00000000)
    __rt_lib_shutdown_stdio_2                0x0800027d   Thumb Code     0  libshutdown2.o(.ARM.Collect$$libshutdown$$00000002)
    __rt_lib_shutdown_fp_trap_1              0x08000281   Thumb Code     0  libshutdown2.o(.ARM.Collect$$libshutdown$$00000006)
    __rt_lib_shutdown_heap_1                 0x08000281   Thumb Code     0  libshutdown2.o(.ARM.Collect$$libshutdown$$0000000E)
    __rt_lib_shutdown_return                 0x08000281   Thumb Code     0  libshutdown2.o(.ARM.Collect$$libshutdown$$0000000F)
    __rt_lib_shutdown_signal_1               0x08000281   Thumb Code     0  libshutdown2.o(.ARM.Collect$$libshutdown$$00000009)
    __rt_lib_shutdown_stdio_1                0x08000281   Thumb Code     0  libshutdown2.o(.ARM.Collect$$libshutdown$$00000003)
    __rt_lib_shutdown_user_alloc_1           0x08000281   Thumb Code     0  libshutdown2.o(.ARM.Collect$$libshutdown$$0000000B)
    __rt_entry                               0x08000283   Thumb Code     0  rtentry.o(.ARM.Collect$$rtentry$$00000000)
    __rt_entry_presh_1                       0x08000283   Thumb Code     0  rtentry2.o(.ARM.Collect$$rtentry$$00000002)
    __rt_entry_sh                            0x08000283   Thumb Code     0  rtentry4.o(.ARM.Collect$$rtentry$$00000004)
    __rt_entry_li                            0x08000289   Thumb Code     0  rtentry2.o(.ARM.Collect$$rtentry$$0000000A)
    __rt_entry_postsh_1                      0x08000289   Thumb Code     0  rtentry2.o(.ARM.Collect$$rtentry$$00000009)
    __rt_entry_main                          0x0800028d   Thumb Code     0  rtentry2.o(.ARM.Collect$$rtentry$$0000000D)
    __rt_entry_postli_1                      0x0800028d   Thumb Code     0  rtentry2.o(.ARM.Collect$$rtentry$$0000000C)
    __rt_exit                                0x08000295   Thumb Code     0  rtexit.o(.ARM.Collect$$rtexit$$00000000)
    __rt_exit_ls                             0x08000297   Thumb Code     0  rtexit2.o(.ARM.Collect$$rtexit$$00000003)
    __rt_exit_prels_1                        0x08000297   Thumb Code     0  rtexit2.o(.ARM.Collect$$rtexit$$00000002)
    __rt_exit_exit                           0x0800029b   Thumb Code     0  rtexit2.o(.ARM.Collect$$rtexit$$00000004)
    Reset_Handler                            0x080002a1   Thumb Code     8  startup_stm32f4xx.o(.text)
    _maybe_terminate_alloc                   0x080002a1   Thumb Code     0  maybetermalloc1.o(.emb_text)
    ADC_IRQHandler                           0x080002bb   Thumb Code     0  startup_stm32f4xx.o(.text)
    CAN1_RX0_IRQHandler                      0x080002bb   Thumb Code     0  startup_stm32f4xx.o(.text)
    CAN1_RX1_IRQHandler                      0x080002bb   Thumb Code     0  startup_stm32f4xx.o(.text)
    CAN1_SCE_IRQHandler                      0x080002bb   Thumb Code     0  startup_stm32f4xx.o(.text)
    CAN1_TX_IRQHandler                       0x080002bb   Thumb Code     0  startup_stm32f4xx.o(.text)
    CAN2_RX0_IRQHandler                      0x080002bb   Thumb Code     0  startup_stm32f4xx.o(.text)
    CAN2_RX1_IRQHandler                      0x080002bb   Thumb Code     0  startup_stm32f4xx.o(.text)
    CAN2_SCE_IRQHandler                      0x080002bb   Thumb Code     0  startup_stm32f4xx.o(.text)
    CAN2_TX_IRQHandler                       0x080002bb   Thumb Code     0  startup_stm32f4xx.o(.text)
    CRYP_IRQHandler                          0x080002bb   Thumb Code     0  startup_stm32f4xx.o(.text)
    DCMI_IRQHandler                          0x080002bb   Thumb Code     0  startup_stm32f4xx.o(.text)
    DMA1_Stream0_IRQHandler                  0x080002bb   Thumb Code     0  startup_stm32f4xx.o(.text)
    DMA1_Stream1_IRQHandler                  0x080002bb   Thumb Code     0  startup_stm32f4xx.o(.text)
    DMA1_Stream2_IRQHandler                  0x080002bb   Thumb Code     0  startup_stm32f4xx.o(.text)
    DMA1_Stream3_IRQHandler                  0x080002bb   Thumb Code     0  startup_stm32f4xx.o(.text)
    DMA1_Stream4_IRQHandler                  0x080002bb   Thumb Code     0  startup_stm32f4xx.o(.text)
    DMA1_Stream5_IRQHandler                  0x080002bb   Thumb Code     0  startup_stm32f4xx.o(.text)
    DMA1_Stream6_IRQHandler                  0x080002bb   Thumb Code     0  startup_stm32f4xx.o(.text)
    DMA1_Stream7_IRQHandler                  0x080002bb   Thumb Code     0  startup_stm32f4xx.o(.text)
    DMA2_Stream0_IRQHandler                  0x080002bb   Thumb Code     0  startup_stm32f4xx.o(.text)
    DMA2_Stream1_IRQHandler                  0x080002bb   Thumb Code     0  startup_stm32f4xx.o(.text)
    DMA2_Stream2_IRQHandler                  0x080002bb   Thumb Code     0  startup_stm32f4xx.o(.text)
    DMA2_Stream3_IRQHandler                  0x080002bb   Thumb Code     0  startup_stm32f4xx.o(.text)
    DMA2_Stream4_IRQHandler                  0x080002bb   Thumb Code     0  startup_stm32f4xx.o(.text)
    DMA2_Stream5_IRQHandler                  0x080002bb   Thumb Code     0  startup_stm32f4xx.o(.text)
    DMA2_Stream6_IRQHandler                  0x080002bb   Thumb Code     0  startup_stm32f4xx.o(.text)
    DMA2_Stream7_IRQHandler                  0x080002bb   Thumb Code     0  startup_stm32f4xx.o(.text)
    ETH_IRQHandler                           0x080002bb   Thumb Code     0  startup_stm32f4xx.o(.text)
    ETH_WKUP_IRQHandler                      0x080002bb   Thumb Code     0  startup_stm32f4xx.o(.text)
    EXTI15_10_IRQHandler                     0x080002bb   Thumb Code     0  startup_stm32f4xx.o(.text)
    EXTI1_IRQHandler                         0x080002bb   Thumb Code     0  startup_stm32f4xx.o(.text)
    EXTI2_IRQHandler                         0x080002bb   Thumb Code     0  startup_stm32f4xx.o(.text)
    EXTI3_IRQHandler                         0x080002bb   Thumb Code     0  startup_stm32f4xx.o(.text)
    EXTI4_IRQHandler                         0x080002bb   Thumb Code     0  startup_stm32f4xx.o(.text)
    EXTI9_5_IRQHandler                       0x080002bb   Thumb Code     0  startup_stm32f4xx.o(.text)
    FLASH_IRQHandler                         0x080002bb   Thumb Code     0  startup_stm32f4xx.o(.text)
    FPU_IRQHandler                           0x080002bb   Thumb Code     0  startup_stm32f4xx.o(.text)
    FSMC_IRQHandler                          0x080002bb   Thumb Code     0  startup_stm32f4xx.o(.text)
    HASH_RNG_IRQHandler                      0x080002bb   Thumb Code     0  startup_stm32f4xx.o(.text)
    I2C1_ER_IRQHandler                       0x080002bb   Thumb Code     0  startup_stm32f4xx.o(.text)
    I2C1_EV_IRQHandler                       0x080002bb   Thumb Code     0  startup_stm32f4xx.o(.text)
    I2C2_ER_IRQHandler                       0x080002bb   Thumb Code     0  startup_stm32f4xx.o(.text)
    I2C2_EV_IRQHandler                       0x080002bb   Thumb Code     0  startup_stm32f4xx.o(.text)
    I2C3_ER_IRQHandler                       0x080002bb   Thumb Code     0  startup_stm32f4xx.o(.text)
    I2C3_EV_IRQHandler                       0x080002bb   Thumb Code     0  startup_stm32f4xx.o(.text)
    OTG_FS_IRQHandler                        0x080002bb   Thumb Code     0  startup_stm32f4xx.o(.text)
    OTG_FS_WKUP_IRQHandler                   0x080002bb   Thumb Code     0  startup_stm32f4xx.o(.text)
    OTG_HS_EP1_IN_IRQHandler                 0x080002bb   Thumb Code     0  startup_stm32f4xx.o(.text)
    OTG_HS_EP1_OUT_IRQHandler                0x080002bb   Thumb Code     0  startup_stm32f4xx.o(.text)
    OTG_HS_IRQHandler                        0x080002bb   Thumb Code     0  startup_stm32f4xx.o(.text)
    OTG_HS_WKUP_IRQHandler                   0x080002bb   Thumb Code     0  startup_stm32f4xx.o(.text)
    PVD_IRQHandler                           0x080002bb   Thumb Code     0  startup_stm32f4xx.o(.text)
    RCC_IRQHandler                           0x080002bb   Thumb Code     0  startup_stm32f4xx.o(.text)
    RTC_Alarm_IRQHandler                     0x080002bb   Thumb Code     0  startup_stm32f4xx.o(.text)
    RTC_WKUP_IRQHandler                      0x080002bb   Thumb Code     0  startup_stm32f4xx.o(.text)
    SDIO_IRQHandler                          0x080002bb   Thumb Code     0  startup_stm32f4xx.o(.text)
    SPI1_IRQHandler                          0x080002bb   Thumb Code     0  startup_stm32f4xx.o(.text)
    SPI2_IRQHandler                          0x080002bb   Thumb Code     0  startup_stm32f4xx.o(.text)
    SPI3_IRQHandler                          0x080002bb   Thumb Code     0  startup_stm32f4xx.o(.text)
    TAMP_STAMP_IRQHandler                    0x080002bb   Thumb Code     0  startup_stm32f4xx.o(.text)
    TIM1_BRK_TIM9_IRQHandler                 0x080002bb   Thumb Code     0  startup_stm32f4xx.o(.text)
    TIM1_CC_IRQHandler                       0x080002bb   Thumb Code     0  startup_stm32f4xx.o(.text)
    TIM1_TRG_COM_TIM11_IRQHandler            0x080002bb   Thumb Code     0  startup_stm32f4xx.o(.text)
    TIM1_UP_TIM10_IRQHandler                 0x080002bb   Thumb Code     0  startup_stm32f4xx.o(.text)
    TIM2_IRQHandler                          0x080002bb   Thumb Code     0  startup_stm32f4xx.o(.text)
    TIM3_IRQHandler                          0x080002bb   Thumb Code     0  startup_stm32f4xx.o(.text)
    TIM4_IRQHandler                          0x080002bb   Thumb Code     0  startup_stm32f4xx.o(.text)
    TIM5_IRQHandler                          0x080002bb   Thumb Code     0  startup_stm32f4xx.o(.text)
    TIM6_DAC_IRQHandler                      0x080002bb   Thumb Code     0  startup_stm32f4xx.o(.text)
    TIM7_IRQHandler                          0x080002bb   Thumb Code     0  startup_stm32f4xx.o(.text)
    TIM8_BRK_TIM12_IRQHandler                0x080002bb   Thumb Code     0  startup_stm32f4xx.o(.text)
    TIM8_CC_IRQHandler                       0x080002bb   Thumb Code     0  startup_stm32f4xx.o(.text)
    TIM8_TRG_COM_TIM14_IRQHandler            0x080002bb   Thumb Code     0  startup_stm32f4xx.o(.text)
    TIM8_UP_TIM13_IRQHandler                 0x080002bb   Thumb Code     0  startup_stm32f4xx.o(.text)
    UART4_IRQHandler                         0x080002bb   Thumb Code     0  startup_stm32f4xx.o(.text)
    UART5_IRQHandler                         0x080002bb   Thumb Code     0  startup_stm32f4xx.o(.text)
    USART1_IRQHandler                        0x080002bb   Thumb Code     0  startup_stm32f4xx.o(.text)
    USART2_IRQHandler                        0x080002bb   Thumb Code     0  startup_stm32f4xx.o(.text)
    USART3_IRQHandler                        0x080002bb   Thumb Code     0  startup_stm32f4xx.o(.text)
    USART6_IRQHandler                        0x080002bb   Thumb Code     0  startup_stm32f4xx.o(.text)
    WWDG_IRQHandler                          0x080002bb   Thumb Code     0  startup_stm32f4xx.o(.text)
    __user_initial_stackheap                 0x080002bd   Thumb Code     0  startup_stm32f4xx.o(.text)
    __2printf                                0x080002e1   Thumb Code    20  noretval__2printf.o(.text)
    __2snprintf                              0x080002f9   Thumb Code    48  noretval__2snprintf.o(.text)
    __printf                                 0x0800032d   Thumb Code   104  __printf.o(.text)
    _printf_str                              0x08000395   Thumb Code    82  _printf_str.o(.text)
    _printf_int_dec                          0x080003e9   Thumb Code   102  _printf_dec.o(.text)
    atoi                                     0x08000461   Thumb Code    26  atoi.o(.text)
    _fseek                                   0x0800047d   Thumb Code   242  fseek.o(.text)
    fseek                                    0x0800047d   Thumb Code     0  fseek.o(.text)
    _ftell_internal                          0x08000575   Thumb Code    70  ftell.o(.text)
    ftell                                    0x08000575   Thumb Code     0  ftell.o(.text)
    fwrite                                   0x080005bb   Thumb Code    50  fwrite.o(.text)
    freopen                                  0x080005ed   Thumb Code   158  fopen.o(.text)
    fopen                                    0x0800068b   Thumb Code    74  fopen.o(.text)
    _fclose_internal                         0x080006d9   Thumb Code    76  fclose.o(.text)
    fclose                                   0x080006d9   Thumb Code     0  fclose.o(.text)
    strcpy                                   0x08000725   Thumb Code    72  strcpy.o(.text)
    strlen                                   0x0800076d   Thumb Code    62  strlen.o(.text)
    strcat                                   0x080007ab   Thumb Code    24  strcat.o(.text)
    __aeabi_memclr                           0x080007c3   Thumb Code     0  rt_memclr.o(.text)
    __rt_memclr                              0x080007c3   Thumb Code    68  rt_memclr.o(.text)
    _memset                                  0x080007c7   Thumb Code     0  rt_memclr.o(.text)
    strcmp                                   0x08000809   Thumb Code   128  strcmpv7m.o(.text)
    __use_two_region_memory                  0x08000889   Thumb Code     2  heapauxi.o(.text)
    __rt_heap_escrow                         0x0800088b   Thumb Code     2  heapauxi.o(.text)
    __rt_heap_expand                         0x0800088d   Thumb Code     2  heapauxi.o(.text)
    _sys_open                                0x0800088f   Thumb Code    20  sys_io.o(.text)
    _sys_close                               0x080008a3   Thumb Code    12  sys_io.o(.text)
    _sys_write                               0x080008af   Thumb Code    16  sys_io.o(.text)
    _sys_read                                0x080008bf   Thumb Code    14  sys_io.o(.text)
    _sys_istty                               0x080008cd   Thumb Code    12  sys_io.o(.text)
    _sys_seek                                0x080008d9   Thumb Code    14  sys_io.o(.text)
    _sys_ensure                              0x080008e7   Thumb Code     2  sys_io.o(.text)
    _sys_flen                                0x080008e9   Thumb Code    12  sys_io.o(.text)
    __aeabi_errno_addr                       0x080008f5   Thumb Code     8  rt_errno_addr_intlibspace.o(.text)
    __errno$intlibspace                      0x080008f5   Thumb Code     0  rt_errno_addr_intlibspace.o(.text)
    __rt_errno_addr$intlibspace              0x080008f5   Thumb Code     0  rt_errno_addr_intlibspace.o(.text)
    malloc                                   0x080008fd   Thumb Code    94  h1_alloc.o(.text)
    free                                     0x0800095b   Thumb Code    78  h1_free.o(.text)
    _printf_int_common                       0x080009a9   Thumb Code   184  _printf_intcommon.o(.text)
    _printf_char_common                      0x08000a6b   Thumb Code    32  _printf_char_common.o(.text)
    _sputc                                   0x08000a91   Thumb Code    10  _sputc.o(.text)
    _snputc                                  0x08000a9b   Thumb Code    16  _snputc.o(.text)
    _printf_cs_common                        0x08000aab   Thumb Code    20  _printf_char.o(.text)
    _printf_char                             0x08000abf   Thumb Code    16  _printf_char.o(.text)
    _printf_string                           0x08000acf   Thumb Code     8  _printf_char.o(.text)
    _printf_char_file                        0x08000ad9   Thumb Code    32  _printf_char_file.o(.text)
    strtol                                   0x08000afd   Thumb Code   112  strtol.o(.text)
    _seterr                                  0x08000b6d   Thumb Code    20  stdio.o(.text)
    _writebuf                                0x08000b81   Thumb Code    84  stdio.o(.text)
    _fflush                                  0x08000bd5   Thumb Code    70  stdio.o(.text)
    _deferredlazyseek                        0x08000c1b   Thumb Code    60  stdio.o(.text)
    __aeabi_memclr4                          0x08000c5d   Thumb Code     0  rt_memclr_w.o(.text)
    __aeabi_memclr8                          0x08000c5d   Thumb Code     0  rt_memclr_w.o(.text)
    __rt_memclr_w                            0x08000c5d   Thumb Code    78  rt_memclr_w.o(.text)
    _memset_w                                0x08000c61   Thumb Code     0  rt_memclr_w.o(.text)
    __user_libspace                          0x08000cad   Thumb Code     8  libspace.o(.text)
    __user_perproc_libspace                  0x08000cad   Thumb Code     0  libspace.o(.text)
    __user_perthread_libspace                0x08000cad   Thumb Code     0  libspace.o(.text)
    __I$use$semihosting                      0x08000cb5   Thumb Code     0  use_no_semi.o(.text)
    __use_no_semihosting_swi                 0x08000cb5   Thumb Code     2  use_no_semi.o(.text)
    __semihosting_library_function           0x08000cb7   Thumb Code     0  indicate_semi.o(.text)
    __rt_ctype_table                         0x08000cb9   Thumb Code    16  rt_ctype_table.o(.text)
    __rt_heap_descriptor                     0x08000cc9   Thumb Code     8  rt_heap_descriptor_intlibspace.o(.text)
    __use_no_heap                            0x08000cd1   Thumb Code     2  hguard.o(.text)
    __heap$guard                             0x08000cd3   Thumb Code     2  hguard.o(.text)
    _terminate_user_alloc                    0x08000cd5   Thumb Code     2  init_alloc.o(.text)
    _init_user_alloc                         0x08000cd7   Thumb Code     2  init_alloc.o(.text)
    __Heap_Full                              0x08000cd9   Thumb Code    34  init_alloc.o(.text)
    __Heap_Broken                            0x08000cfb   Thumb Code     6  init_alloc.o(.text)
    _init_alloc                              0x08000d01   Thumb Code    94  init_alloc.o(.text)
    __Heap_Initialize                        0x08000d5f   Thumb Code    10  h1_init.o(.text)
    __Heap_DescSize                          0x08000d69   Thumb Code     4  h1_init.o(.text)
    _strtoul                                 0x08000d6d   Thumb Code   158  _strtoul.o(.text)
    ferror                                   0x08000e0b   Thumb Code     8  ferror.o(.text)
    _readbuf                                 0x08000e13   Thumb Code    54  filbuf.o(.text)
    _seteof                                  0x08000e49   Thumb Code    40  filbuf.o(.text)
    __filbuf                                 0x08000e71   Thumb Code   482  filbuf.o(.text)
    __filbuf_byte                            0x08000e71   Thumb Code     0  filbuf.o(.text)
    __filbuf_wide                            0x08000e71   Thumb Code     0  filbuf.o(.text)
    _initio                                  0x08001055   Thumb Code   210  initio.o(.text)
    _terminateio                             0x08001127   Thumb Code    56  initio.o(.text)
    __aeabi_memcpy4                          0x0800118d   Thumb Code     0  rt_memcpy_w.o(.text)
    __aeabi_memcpy8                          0x0800118d   Thumb Code     0  rt_memcpy_w.o(.text)
    __rt_memcpy_w                            0x0800118d   Thumb Code   100  rt_memcpy_w.o(.text)
    _memcpy_lastbytes_aligned                0x080011d5   Thumb Code     0  rt_memcpy_w.o(.text)
    __user_setup_stackheap                   0x080011f1   Thumb Code    74  sys_stackheap_outer.o(.text)
    __rt_locale                              0x0800123d   Thumb Code     8  rt_locale_intlibspace.o(.text)
    __Heap_ProvideMemory                     0x08001245   Thumb Code    52  h1_extend.o(.text)
    _chval                                   0x08001279   Thumb Code    28  _chval.o(.text)
    setvbuf                                  0x08001295   Thumb Code    70  setvbuf.o(.text)
    fread                                    0x080012db   Thumb Code   284  freadfast.o(.text)
    _flushlinebuffered                       0x080013f9   Thumb Code    50  flushlinebuffered.o(.text)
    exit                                     0x08001431   Thumb Code    12  exit.o(.text)
    __rt_SIGRTRED                            0x0800143d   Thumb Code    14  defsig_rtred_outer.o(.text)
    __rt_SIGRTMEM                            0x0800144b   Thumb Code    14  defsig_rtmem_outer.o(.text)
    _do_fflush                               0x08001459   Thumb Code    54  fflush.o(.text)
    fflush                                   0x0800148f   Thumb Code    42  fflush.o(.text)
    __sig_exit                               0x080014bd   Thumb Code    10  defsig_exit.o(.text)
    __rt_SIGRTRED_inner                      0x080014c9   Thumb Code    14  defsig_rtred_inner.o(.text)
    __rt_SIGRTMEM_inner                      0x080014fd   Thumb Code    22  defsig_rtmem_inner.o(.text)
    __aeabi_memcpy                           0x0800154d   Thumb Code     0  rt_memcpy_v6.o(.text)
    __rt_memcpy                              0x0800154d   Thumb Code   138  rt_memcpy_v6.o(.text)
    _memcpy_lastbytes                        0x080015b3   Thumb Code     0  rt_memcpy_v6.o(.text)
    _sys_exit                                0x080015d9   Thumb Code     8  sys_exit.o(.text)
    __default_signal_display                 0x080015e5   Thumb Code    50  defsig_general.o(.text)
    _ttywrch                                 0x08001617   Thumb Code    14  sys_wrch.o(.text)
    BusFault_Handler                         0x08001625   Thumb Code     2  stm32f4xx_it.o(i.BusFault_Handler)
    Camera_Config                            0x08001629   Thumb Code   176  camera_api.o(i.Camera_Config)
    DCMI_0V5670_PWDN_Init                    0x080016dd   Thumb Code    92  serial_receive.o(i.DCMI_0V5670_PWDN_Init)
    DCMI_CaptureCmd                          0x0800173d   Thumb Code    22  stm32f4xx_dcmi.o(i.DCMI_CaptureCmd)
    DCMI_Cmd                                 0x08001759   Thumb Code    22  stm32f4xx_dcmi.o(i.DCMI_Cmd)
    DCMI_Init                                0x08001775   Thumb Code    54  stm32f4xx_dcmi.o(i.DCMI_Init)
    DMA_Cmd                                  0x080017b1   Thumb Code    20  stm32f4xx_dma.o(i.DMA_Cmd)
    DMA_DeInit                               0x080017c5   Thumb Code   272  stm32f4xx_dma.o(i.DMA_DeInit)
    DMA_Init                                 0x080018e9   Thumb Code    80  stm32f4xx_dma.o(i.DMA_Init)
    DebugMon_Handler                         0x0800193d   Thumb Code     2  stm32f4xx_it.o(i.DebugMon_Handler)
    Delay                                    0x08001941   Thumb Code    12  camera_api.o(i.Delay)
    EXTI0_IRQHandler                         0x08001951   Thumb Code    28  serial_receive.o(i.EXTI0_IRQHandler)
    EXTI_ClearITPendingBit                   0x0800196d   Thumb Code     6  stm32f4xx_exti.o(i.EXTI_ClearITPendingBit)
    EXTI_GenerateSWInterrupt                 0x08001979   Thumb Code    10  stm32f4xx_exti.o(i.EXTI_GenerateSWInterrupt)
    EXTI_GetITStatus                         0x08001989   Thumb Code    28  stm32f4xx_exti.o(i.EXTI_GetITStatus)
    FSMC_MT29F1_NAND_Init                    0x080019a9   Thumb Code   296  fsmc_nand.o(i.FSMC_MT29F1_NAND_Init)
    FSMC_NANDCmd                             0x08001add   Thumb Code    52  stm32f4xx_fsmc.o(i.FSMC_NANDCmd)
    FSMC_NANDInit                            0x08001b15   Thumb Code   104  stm32f4xx_fsmc.o(i.FSMC_NANDInit)
    FSMC_NANDStructInit                      0x08001b7d   Thumb Code    54  stm32f4xx_fsmc.o(i.FSMC_NANDStructInit)
    FSMC_NORSRAMCmd                          0x08001bb5   Thumb Code    28  stm32f4xx_fsmc.o(i.FSMC_NORSRAMCmd)
    FSMC_NORSRAMInit                         0x08001bd5   Thumb Code   192  stm32f4xx_fsmc.o(i.FSMC_NORSRAMInit)
    GPIO_Init                                0x08001c95   Thumb Code   162  stm32f4xx_gpio.o(i.GPIO_Init)
    GPIO_PinAFConfig                         0x08001d37   Thumb Code    32  stm32f4xx_gpio.o(i.GPIO_PinAFConfig)
    GPIO_ResetBits                           0x08001d57   Thumb Code     4  stm32f4xx_gpio.o(i.GPIO_ResetBits)
    GPIO_SetBits                             0x08001d5b   Thumb Code     4  stm32f4xx_gpio.o(i.GPIO_SetBits)
    GPIO_StructInit                          0x08001d5f   Thumb Code    18  stm32f4xx_gpio.o(i.GPIO_StructInit)
    HardFault_Handler                        0x08001d71   Thumb Code     2  stm32f4xx_it.o(i.HardFault_Handler)
    I2C_AcknowledgeConfig                    0x08001d73   Thumb Code    20  stm32f4xx_i2c.o(i.I2C_AcknowledgeConfig)
    I2C_CheckEvent                           0x08001d87   Thumb Code    24  stm32f4xx_i2c.o(i.I2C_CheckEvent)
    I2C_Cmd                                  0x08001d9f   Thumb Code    20  stm32f4xx_i2c.o(i.I2C_Cmd)
    I2C_DeInit                               0x08001e35   Thumb Code    56  stm32f4xx_i2c.o(i.I2C_DeInit)
    I2C_GenerateSTART                        0x08001e79   Thumb Code    20  stm32f4xx_i2c.o(i.I2C_GenerateSTART)
    I2C_GenerateSTOP                         0x08001e8d   Thumb Code    20  stm32f4xx_i2c.o(i.I2C_GenerateSTOP)
    I2C_Init                                 0x08001ea1   Thumb Code   172  stm32f4xx_i2c.o(i.I2C_Init)
    I2C_ReceiveData                          0x08001f55   Thumb Code     6  stm32f4xx_i2c.o(i.I2C_ReceiveData)
    I2C_Send7bitAddress                      0x08001f5b   Thumb Code    16  stm32f4xx_i2c.o(i.I2C_Send7bitAddress)
    I2C_SendData                             0x08001f6b   Thumb Code     4  stm32f4xx_i2c.o(i.I2C_SendData)
    MemManage_Handler                        0x08001f6f   Thumb Code     2  stm32f4xx_it.o(i.MemManage_Handler)
    NMI_Handler                              0x08001f71   Thumb Code     2  stm32f4xx_it.o(i.NMI_Handler)
    NVIC_Init                                0x08001f75   Thumb Code    92  misc.o(i.NVIC_Init)
    OV5640_HW_Init                           0x08001fd9   Thumb Code   332  dcmi_ov5640.o(i.OV5640_HW_Init)
    OV5640_Init                              0x0800213d   Thumb Code   144  dcmi_ov5640.o(i.OV5640_Init)
    OV5640_JPEG_1280_720                     0x080021d9   Thumb Code    48  dcmi_ov5640.o(i.OV5640_JPEG_1280_720)
    OV5640_JPEG_1920_1080                    0x0800220d   Thumb Code    48  dcmi_ov5640.o(i.OV5640_JPEG_1920_1080)
    OV5640_JPEG_5MP_2592_1944                0x08002241   Thumb Code    48  dcmi_ov5640.o(i.OV5640_JPEG_5MP_2592_1944)
    OV5640_RAW_1280_720                      0x08002275   Thumb Code    48  dcmi_ov5640.o(i.OV5640_RAW_1280_720)
    OV5640_RAW_1920_1080                     0x080022a9   Thumb Code    48  dcmi_ov5640.o(i.OV5640_RAW_1920_1080)
    OV5640_RAW_320_240                       0x080022dd   Thumb Code    44  dcmi_ov5640.o(i.OV5640_RAW_320_240)
    OV5640_RAW_5MP_QSXGA_2592_1944           0x0800230d   Thumb Code    44  dcmi_ov5640.o(i.OV5640_RAW_5MP_QSXGA_2592_1944)
    OV5640_RAW_640_480                       0x0800233d   Thumb Code    48  dcmi_ov5640.o(i.OV5640_RAW_640_480)
    OV5640_ReadID                            0x08002371   Thumb Code    26  dcmi_ov5640.o(i.OV5640_ReadID)
    OV5640_ReadReg                           0x0800238d   Thumb Code   240  dcmi_ov5640.o(i.OV5640_ReadReg)
    OV5640_Reset                             0x0800248d   Thumb Code    32  dcmi_ov5640.o(i.OV5640_Reset)
    OV5640_WriteReg                          0x080024ad   Thumb Code   158  dcmi_ov5640.o(i.OV5640_WriteReg)
    PendSV_Handler                           0x08002559   Thumb Code     2  stm32f4xx_it.o(i.PendSV_Handler)
    RCC_AHB1PeriphClockCmd                   0x0800255d   Thumb Code    18  stm32f4xx_rcc.o(i.RCC_AHB1PeriphClockCmd)
    RCC_AHB2PeriphClockCmd                   0x08002575   Thumb Code    18  stm32f4xx_rcc.o(i.RCC_AHB2PeriphClockCmd)
    RCC_AHB3PeriphClockCmd                   0x0800258d   Thumb Code    18  stm32f4xx_rcc.o(i.RCC_AHB3PeriphClockCmd)
    RCC_APB1PeriphClockCmd                   0x080025a5   Thumb Code    18  stm32f4xx_rcc.o(i.RCC_APB1PeriphClockCmd)
    RCC_APB1PeriphResetCmd                   0x080025bd   Thumb Code    18  stm32f4xx_rcc.o(i.RCC_APB1PeriphResetCmd)
    RCC_GetClocksFreq                        0x080025d5   Thumb Code   132  stm32f4xx_rcc.o(i.RCC_GetClocksFreq)
    SRAM_Init                                0x08002669   Thumb Code   624  stm324xg_eval_fsmc_sram.o(i.SRAM_Init)
    SRAM_ReadBuffer                          0x080028e9   Thumb Code    22  stm324xg_eval_fsmc_sram.o(i.SRAM_ReadBuffer)
    SRAM_WriteBuffer                         0x08002901   Thumb Code    26  stm324xg_eval_fsmc_sram.o(i.SRAM_WriteBuffer)
    SVC_Handler                              0x0800291b   Thumb Code     2  stm32f4xx_it.o(i.SVC_Handler)
    Serialcongig                             0x0800291d   Thumb Code    10  serial_receive.o(i.Serialcongig)
    SysTick_Handler                          0x080029dd   Thumb Code     2  stm32f4xx_it.o(i.SysTick_Handler)
    SystemInit                               0x080029e1   Thumb Code    74  system_stm32f4xx.o(i.SystemInit)
    TIMER_START                              0x08002a3d   Thumb Code    90  main.o(i.TIMER_START)
    TIM_ClearITPendingBit                    0x08002aad   Thumb Code     6  stm32f4xx_tim.o(i.TIM_ClearITPendingBit)
    TIM_Cmd                                  0x08002ab3   Thumb Code    20  stm32f4xx_tim.o(i.TIM_Cmd)
    TIM_Config                               0x08002ac7   Thumb Code    40  main.o(i.TIM_Config)
    TIM_ITConfig                             0x08002aef   Thumb Code    16  stm32f4xx_tim.o(i.TIM_ITConfig)
    TIM_TimeBaseInit                         0x08002b01   Thumb Code    96  stm32f4xx_tim.o(i.TIM_TimeBaseInit)
    UART_SendFrame                           0x08002b7d   Thumb Code    68  serial_receive.o(i.UART_SendFrame)
    USART_GetFlagStatus                      0x08002bcd   Thumb Code    14  stm32f4xx_usart.o(i.USART_GetFlagStatus)
    USART_Init                               0x08002bdd   Thumb Code   174  stm32f4xx_usart.o(i.USART_Init)
    USART_ReceiveData                        0x08002c95   Thumb Code     8  stm32f4xx_usart.o(i.USART_ReceiveData)
    USART_SendData                           0x08002c9d   Thumb Code     8  stm32f4xx_usart.o(i.USART_SendData)
    UsageFault_Handler                       0x08002ca5   Thumb Code     2  stm32f4xx_it.o(i.UsageFault_Handler)
    capture_start                            0x08002ca9   Thumb Code    66  serial_receive.o(i.capture_start)
    fputc                                    0x08002d05   Thumb Code    30  main.o(i.fputc)
    imagesent                                0x08002d29   Thumb Code   136  serial_receive.o(i.imagesent)
    main                                     0x08002dc5   Thumb Code   234  main.o(i.main)
    receive_imxfilename                      0x08002ed9   Thumb Code   252  serial_receive.o(i.receive_imxfilename)
    _get_lc_ctype                            0x08003049   Thumb Code    44  lc_ctype_c.o(locale$$code)
    _fp_init                                 0x08003075   Thumb Code    10  fpinit.o(x$fpl$fpinit)
    __fplib_config_fpu_vfp                   0x0800307d   Thumb Code     0  fpinit.o(x$fpl$fpinit)
    __fplib_config_pureend_doubles           0x0800307d   Thumb Code     0  fpinit.o(x$fpl$fpinit)
    __stdin_name                             0x080030ce   Data           4  sys_io.o(.constdata)
    __stdout_name                            0x080030d2   Data           4  sys_io.o(.constdata)
    __stderr_name                            0x080030d6   Data           4  sys_io.o(.constdata)
    Region$$Table$$Base                      0x080030dc   Number         0  anon$$obj.o(Region$$Table)
    Region$$Table$$Limit                     0x080030fc   Number         0  anon$$obj.o(Region$$Table)
    __ctype                                  0x08003109   Data           0  lc_ctype_c.o(locale$$data)
    SystemCoreClock                          0x20000000   Data           4  system_stm32f4xx.o(.data)
    AHBPrescTable                            0x20000004   Data          16  system_stm32f4xx.o(.data)
    PrescalerValue                           0x20000014   Data           2  main.o(.data)
    uwWriteReadStatus_SRAM                   0x20000018   Data           4  main.o(.data)
    uwIndex                                  0x2000001c   Data           4  main.o(.data)
    OV5640_Camera_ID                         0x20000020   Data           4  main.o(.data)
    Camera                                   0x20000034   Data           1  camera_api.o(.data)
    ImageFormat                              0x20000035   Data           1  camera_api.o(.data)
    fp1                                      0x20000040   Data           4  serial_receive.o(.data)
    fp2                                      0x20000044   Data           4  serial_receive.o(.data)
    m                                        0x2000004c   Data           4  serial_receive.o(.data)
    __aeabi_stdin                            0x20002048   Data           4  stdio_streams.o(.data)
    __aeabi_stdout                           0x2000204c   Data           4  stdio_streams.o(.data)
    __aeabi_stderr                           0x20002050   Data           4  stdio_streams.o(.data)
    aTxBuffer                                0x20002054   Data         512  main.o(.bss)
    aRxBuffer                                0x20002254   Data         512  main.o(.bss)
    RCC_Clocks                               0x20002454   Data          16  main.o(.bss)
    TIM_TimeBaseStructure                    0x20002464   Data          12  main.o(.bss)
    buffer                                   0x20002470   Data        1024  serial_receive.o(.bss)
    temp                                     0x20002870   Data        1024  serial_receive.o(.bss)
    temp1                                    0x20002c70   Data        1024  serial_receive.o(.bss)
    frame_buffer                             0x20003070   Data       614400  dcmi_ov5640.o(.bss)
    __stdin                                  0x20099070   Data          84  stdio_streams.o(.bss)
    __stdout                                 0x200990c4   Data          84  stdio_streams.o(.bss)
    __stderr                                 0x20099118   Data          84  stdio_streams.o(.bss)
    __libspace_start                         0x2009916c   Data          96  libspace.o(.bss)
    __temporary_stack_top$libspace           0x200991cc   Data           0  libspace.o(.bss)



==============================================================================

Memory Map of the image

  Image Entry point : 0x080002a1

  Load Region LR_1 (Base: 0x08000000, Size: 0x00005260, Max: 0xffffffff, ABSOLUTE, COMPRESSED[0x0000390c])

    Execution Region ER_RO (Base: 0x08000000, Size: 0x0000320c, Max: 0xffffffff, ABSOLUTE)

    Base Addr    Size         Type   Attr      Idx    E Section Name        Object

    0x08000000   0x00000188   Data   RO            3    RESET               startup_stm32f4xx.o
    0x08000188   0x00000008   Code   RO         4735  * !!!main             c_w.l(__main.o)
    0x08000190   0x00000034   Code   RO         5095    !!!scatter          c_w.l(__scatter.o)
    0x080001c4   0x00000064   Code   RO         5093    !!dclz77c           c_w.l(__dclz77c.o)
    0x08000228   0x0000001c   Code   RO         5097    !!handler_zi        c_w.l(__scatter_zi.o)
    0x08000244   0x00000000   Code   RO         4700    .ARM.Collect$$_printf_percent$$00000000  c_w.l(_printf_percent.o)
    0x08000244   0x00000006   Code   RO         4699    .ARM.Collect$$_printf_percent$$00000009  c_w.l(_printf_d.o)
    0x0800024a   0x00000006   Code   RO         4698    .ARM.Collect$$_printf_percent$$00000014  c_w.l(_printf_s.o)
    0x08000250   0x00000004   Code   RO         4824    .ARM.Collect$$_printf_percent$$00000017  c_w.l(_printf_percent_end.o)
    0x08000254   0x00000002   Code   RO         5013    .ARM.Collect$$libinit$$00000000  c_w.l(libinit.o)
    0x08000256   0x00000004   Code   RO         4910    .ARM.Collect$$libinit$$00000001  c_w.l(libinit2.o)
    0x0800025a   0x00000008   Code   RO         4912    .ARM.Collect$$libinit$$00000003  c_w.l(libinit2.o)
    0x08000262   0x00000000   Code   RO         4914    .ARM.Collect$$libinit$$00000008  c_w.l(libinit2.o)
    0x08000262   0x00000000   Code   RO         4916    .ARM.Collect$$libinit$$0000000A  c_w.l(libinit2.o)
    0x08000262   0x00000000   Code   RO         4918    .ARM.Collect$$libinit$$0000000C  c_w.l(libinit2.o)
    0x08000262   0x00000006   Code   RO         4919    .ARM.Collect$$libinit$$0000000D  c_w.l(libinit2.o)
    0x08000268   0x00000000   Code   RO         4921    .ARM.Collect$$libinit$$0000000F  c_w.l(libinit2.o)
    0x08000268   0x0000000c   Code   RO         4922    .ARM.Collect$$libinit$$00000010  c_w.l(libinit2.o)
    0x08000274   0x00000000   Code   RO         4923    .ARM.Collect$$libinit$$00000011  c_w.l(libinit2.o)
    0x08000274   0x00000000   Code   RO         4925    .ARM.Collect$$libinit$$00000013  c_w.l(libinit2.o)
    0x08000274   0x00000000   Code   RO         4927    .ARM.Collect$$libinit$$00000015  c_w.l(libinit2.o)
    0x08000274   0x00000000   Code   RO         4929    .ARM.Collect$$libinit$$00000017  c_w.l(libinit2.o)
    0x08000274   0x00000000   Code   RO         4931    .ARM.Collect$$libinit$$00000019  c_w.l(libinit2.o)
    0x08000274   0x00000000   Code   RO         4933    .ARM.Collect$$libinit$$0000001B  c_w.l(libinit2.o)
    0x08000274   0x00000000   Code   RO         4935    .ARM.Collect$$libinit$$0000001D  c_w.l(libinit2.o)
    0x08000274   0x00000000   Code   RO         4937    .ARM.Collect$$libinit$$0000001F  c_w.l(libinit2.o)
    0x08000274   0x00000000   Code   RO         4939    .ARM.Collect$$libinit$$00000021  c_w.l(libinit2.o)
    0x08000274   0x00000004   Code   RO         4940    .ARM.Collect$$libinit$$00000022  c_w.l(libinit2.o)
    0x08000278   0x00000000   Code   RO         4941    .ARM.Collect$$libinit$$00000023  c_w.l(libinit2.o)
    0x08000278   0x00000000   Code   RO         4945    .ARM.Collect$$libinit$$0000002A  c_w.l(libinit2.o)
    0x08000278   0x00000000   Code   RO         4947    .ARM.Collect$$libinit$$0000002C  c_w.l(libinit2.o)
    0x08000278   0x00000000   Code   RO         4949    .ARM.Collect$$libinit$$0000002E  c_w.l(libinit2.o)
    0x08000278   0x00000000   Code   RO         4951    .ARM.Collect$$libinit$$00000030  c_w.l(libinit2.o)
    0x08000278   0x00000002   Code   RO         4952    .ARM.Collect$$libinit$$00000031  c_w.l(libinit2.o)
    0x0800027a   0x00000002   Code   RO         5076    .ARM.Collect$$libshutdown$$00000000  c_w.l(libshutdown.o)
    0x0800027c   0x00000004   Code   RO         5015    .ARM.Collect$$libshutdown$$00000002  c_w.l(libshutdown2.o)
    0x08000280   0x00000000   Code   RO         5016    .ARM.Collect$$libshutdown$$00000003  c_w.l(libshutdown2.o)
    0x08000280   0x00000000   Code   RO         5019    .ARM.Collect$$libshutdown$$00000006  c_w.l(libshutdown2.o)
    0x08000280   0x00000000   Code   RO         5022    .ARM.Collect$$libshutdown$$00000009  c_w.l(libshutdown2.o)
    0x08000280   0x00000000   Code   RO         5024    .ARM.Collect$$libshutdown$$0000000B  c_w.l(libshutdown2.o)
    0x08000280   0x00000000   Code   RO         5027    .ARM.Collect$$libshutdown$$0000000E  c_w.l(libshutdown2.o)
    0x08000280   0x00000002   Code   RO         5028    .ARM.Collect$$libshutdown$$0000000F  c_w.l(libshutdown2.o)
    0x08000282   0x00000000   Code   RO         4744    .ARM.Collect$$rtentry$$00000000  c_w.l(rtentry.o)
    0x08000282   0x00000000   Code   RO         4851    .ARM.Collect$$rtentry$$00000002  c_w.l(rtentry2.o)
    0x08000282   0x00000006   Code   RO         4863    .ARM.Collect$$rtentry$$00000004  c_w.l(rtentry4.o)
    0x08000288   0x00000000   Code   RO         4853    .ARM.Collect$$rtentry$$00000009  c_w.l(rtentry2.o)
    0x08000288   0x00000004   Code   RO         4854    .ARM.Collect$$rtentry$$0000000A  c_w.l(rtentry2.o)
    0x0800028c   0x00000000   Code   RO         4856    .ARM.Collect$$rtentry$$0000000C  c_w.l(rtentry2.o)
    0x0800028c   0x00000008   Code   RO         4857    .ARM.Collect$$rtentry$$0000000D  c_w.l(rtentry2.o)
    0x08000294   0x00000002   Code   RO         5031    .ARM.Collect$$rtexit$$00000000  c_w.l(rtexit.o)
    0x08000296   0x00000000   Code   RO         5056    .ARM.Collect$$rtexit$$00000002  c_w.l(rtexit2.o)
    0x08000296   0x00000004   Code   RO         5057    .ARM.Collect$$rtexit$$00000003  c_w.l(rtexit2.o)
    0x0800029a   0x00000006   Code   RO         5058    .ARM.Collect$$rtexit$$00000004  c_w.l(rtexit2.o)
    0x080002a0   0x00000000   Code   RO         4966    .emb_text           c_w.l(maybetermalloc1.o)
    0x080002a0   0x00000040   Code   RO            4  * .text               startup_stm32f4xx.o
    0x080002e0   0x00000018   Code   RO         4668    .text               c_w.l(noretval__2printf.o)
    0x080002f8   0x00000034   Code   RO         4670    .text               c_w.l(noretval__2snprintf.o)
    0x0800032c   0x00000068   Code   RO         4672    .text               c_w.l(__printf.o)
    0x08000394   0x00000052   Code   RO         4674    .text               c_w.l(_printf_str.o)
    0x080003e6   0x00000002   PAD
    0x080003e8   0x00000078   Code   RO         4676    .text               c_w.l(_printf_dec.o)
    0x08000460   0x0000001a   Code   RO         4701    .text               c_w.l(atoi.o)
    0x0800047a   0x00000002   PAD
    0x0800047c   0x000000f8   Code   RO         4705    .text               c_w.l(fseek.o)
    0x08000574   0x00000046   Code   RO         4707    .text               c_w.l(ftell.o)
    0x080005ba   0x00000032   Code   RO         4709    .text               c_w.l(fwrite.o)
    0x080005ec   0x000000ec   Code   RO         4711    .text               c_w.l(fopen.o)
    0x080006d8   0x0000004c   Code   RO         4713    .text               c_w.l(fclose.o)
    0x08000724   0x00000048   Code   RO         4723    .text               c_w.l(strcpy.o)
    0x0800076c   0x0000003e   Code   RO         4725    .text               c_w.l(strlen.o)
    0x080007aa   0x00000018   Code   RO         4727    .text               c_w.l(strcat.o)
    0x080007c2   0x00000044   Code   RO         4729    .text               c_w.l(rt_memclr.o)
    0x08000806   0x00000002   PAD
    0x08000808   0x00000080   Code   RO         4731    .text               c_w.l(strcmpv7m.o)
    0x08000888   0x00000006   Code   RO         4733    .text               c_w.l(heapauxi.o)
    0x0800088e   0x00000066   Code   RO         4737    .text               c_w.l(sys_io.o)
    0x080008f4   0x00000008   Code   RO         4748    .text               c_w.l(rt_errno_addr_intlibspace.o)
    0x080008fc   0x0000005e   Code   RO         4754    .text               c_w.l(h1_alloc.o)
    0x0800095a   0x0000004e   Code   RO         4756    .text               c_w.l(h1_free.o)
    0x080009a8   0x000000b8   Code   RO         4812    .text               c_w.l(_printf_intcommon.o)
    0x08000a60   0x00000030   Code   RO         4814    .text               c_w.l(_printf_char_common.o)
    0x08000a90   0x0000000a   Code   RO         4816    .text               c_w.l(_sputc.o)
    0x08000a9a   0x00000010   Code   RO         4818    .text               c_w.l(_snputc.o)
    0x08000aaa   0x0000002c   Code   RO         4820    .text               c_w.l(_printf_char.o)
    0x08000ad6   0x00000002   PAD
    0x08000ad8   0x00000024   Code   RO         4822    .text               c_w.l(_printf_char_file.o)
    0x08000afc   0x00000070   Code   RO         4825    .text               c_w.l(strtol.o)
    0x08000b6c   0x000000f0   Code   RO         4831    .text               c_w.l(stdio.o)
    0x08000c5c   0x0000004e   Code   RO         4842    .text               c_w.l(rt_memclr_w.o)
    0x08000caa   0x00000002   PAD
    0x08000cac   0x00000008   Code   RO         4844    .text               c_w.l(libspace.o)
    0x08000cb4   0x00000002   Code   RO         4847    .text               c_w.l(use_no_semi.o)
    0x08000cb6   0x00000000   Code   RO         4849    .text               c_w.l(indicate_semi.o)
    0x08000cb6   0x00000002   PAD
    0x08000cb8   0x00000010   Code   RO         4865    .text               c_w.l(rt_ctype_table.o)
    0x08000cc8   0x00000008   Code   RO         4870    .text               c_w.l(rt_heap_descriptor_intlibspace.o)
    0x08000cd0   0x00000004   Code   RO         4872    .text               c_w.l(hguard.o)
    0x08000cd4   0x0000008a   Code   RO         4874    .text               c_w.l(init_alloc.o)
    0x08000d5e   0x0000000e   Code   RO         4878    .text               c_w.l(h1_init.o)
    0x08000d6c   0x0000009e   Code   RO         4894    .text               c_w.l(_strtoul.o)
    0x08000e0a   0x00000008   Code   RO         4896    .text               c_w.l(ferror.o)
    0x08000e12   0x00000240   Code   RO         4898    .text               c_w.l(filbuf.o)
    0x08001052   0x00000002   PAD
    0x08001054   0x00000138   Code   RO         4900    .text               c_w.l(initio.o)
    0x0800118c   0x00000064   Code   RO         4906    .text               c_w.l(rt_memcpy_w.o)
    0x080011f0   0x0000004a   Code   RO         4957    .text               c_w.l(sys_stackheap_outer.o)
    0x0800123a   0x00000002   PAD
    0x0800123c   0x00000008   Code   RO         4962    .text               c_w.l(rt_locale_intlibspace.o)
    0x08001244   0x00000034   Code   RO         4968    .text               c_w.l(h1_extend.o)
    0x08001278   0x0000001c   Code   RO         4972    .text               c_w.l(_chval.o)
    0x08001294   0x00000046   Code   RO         4974    .text               c_w.l(setvbuf.o)
    0x080012da   0x0000011c   Code   RO         4976    .text               c_w.l(freadfast.o)
    0x080013f6   0x00000002   PAD
    0x080013f8   0x00000038   Code   RO         4980    .text               c_w.l(flushlinebuffered.o)
    0x08001430   0x0000000c   Code   RO         4993    .text               c_w.l(exit.o)
    0x0800143c   0x0000000e   Code   RO         4995    .text               c_w.l(defsig_rtred_outer.o)
    0x0800144a   0x0000000e   Code   RO         4999    .text               c_w.l(defsig_rtmem_outer.o)
    0x08001458   0x00000064   Code   RO         5037    .text               c_w.l(fflush.o)
    0x080014bc   0x0000000a   Code   RO         5041    .text               c_w.l(defsig_exit.o)
    0x080014c6   0x00000002   PAD
    0x080014c8   0x00000034   Code   RO         5043    .text               c_w.l(defsig_rtred_inner.o)
    0x080014fc   0x00000050   Code   RO         5045    .text               c_w.l(defsig_rtmem_inner.o)
    0x0800154c   0x0000008a   Code   RO         5047    .text               c_w.l(rt_memcpy_v6.o)
    0x080015d6   0x00000002   PAD
    0x080015d8   0x0000000c   Code   RO         5053    .text               c_w.l(sys_exit.o)
    0x080015e4   0x00000032   Code   RO         5068    .text               c_w.l(defsig_general.o)
    0x08001616   0x0000000e   Code   RO         5070    .text               c_w.l(sys_wrch.o)
    0x08001624   0x00000002   Code   RO          233    i.BusFault_Handler  stm32f4xx_it.o
    0x08001626   0x00000002   PAD
    0x08001628   0x000000b4   Code   RO         4193    i.Camera_Config     camera_api.o
    0x080016dc   0x00000060   Code   RO         4232    i.DCMI_0V5670_PWDN_Init  serial_receive.o
    0x0800173c   0x0000001c   Code   RO         1130    i.DCMI_CaptureCmd   stm32f4xx_dcmi.o
    0x08001758   0x0000001c   Code   RO         1133    i.DCMI_Cmd          stm32f4xx_dcmi.o
    0x08001774   0x0000003c   Code   RO         1138    i.DCMI_Init         stm32f4xx_dcmi.o
    0x080017b0   0x00000014   Code   RO         1230    i.DMA_Cmd           stm32f4xx_dma.o
    0x080017c4   0x00000124   Code   RO         1231    i.DMA_DeInit        stm32f4xx_dma.o
    0x080018e8   0x00000054   Code   RO         1242    i.DMA_Init          stm32f4xx_dma.o
    0x0800193c   0x00000002   Code   RO          234    i.DebugMon_Handler  stm32f4xx_it.o
    0x0800193e   0x00000002   PAD
    0x08001940   0x00000010   Code   RO         4194    i.Delay             camera_api.o
    0x08001950   0x0000001c   Code   RO         4233    i.EXTI0_IRQHandler  serial_receive.o
    0x0800196c   0x0000000c   Code   RO         1353    i.EXTI_ClearITPendingBit  stm32f4xx_exti.o
    0x08001978   0x00000010   Code   RO         1355    i.EXTI_GenerateSWInterrupt  stm32f4xx_exti.o
    0x08001988   0x00000020   Code   RO         1357    i.EXTI_GetITStatus  stm32f4xx_exti.o
    0x080019a8   0x00000134   Code   RO         4455    i.FSMC_MT29F1_NAND_Init  fsmc_nand.o
    0x08001adc   0x00000038   Code   RO         1606    i.FSMC_NANDCmd      stm32f4xx_fsmc.o
    0x08001b14   0x00000068   Code   RO         1609    i.FSMC_NANDInit     stm32f4xx_fsmc.o
    0x08001b7c   0x00000036   Code   RO         1610    i.FSMC_NANDStructInit  stm32f4xx_fsmc.o
    0x08001bb2   0x00000002   PAD
    0x08001bb4   0x00000020   Code   RO         1611    i.FSMC_NORSRAMCmd   stm32f4xx_fsmc.o
    0x08001bd4   0x000000c0   Code   RO         1613    i.FSMC_NORSRAMInit  stm32f4xx_fsmc.o
    0x08001c94   0x000000a2   Code   RO         1725    i.GPIO_Init         stm32f4xx_gpio.o
    0x08001d36   0x00000020   Code   RO         1726    i.GPIO_PinAFConfig  stm32f4xx_gpio.o
    0x08001d56   0x00000004   Code   RO         1732    i.GPIO_ResetBits    stm32f4xx_gpio.o
    0x08001d5a   0x00000004   Code   RO         1733    i.GPIO_SetBits      stm32f4xx_gpio.o
    0x08001d5e   0x00000012   Code   RO         1734    i.GPIO_StructInit   stm32f4xx_gpio.o
    0x08001d70   0x00000002   Code   RO          235    i.HardFault_Handler  stm32f4xx_it.o
    0x08001d72   0x00000014   Code   RO         1978    i.I2C_AcknowledgeConfig  stm32f4xx_i2c.o
    0x08001d86   0x00000018   Code   RO         1981    i.I2C_CheckEvent    stm32f4xx_i2c.o
    0x08001d9e   0x00000014   Code   RO         1984    i.I2C_Cmd           stm32f4xx_i2c.o
    0x08001db2   0x00000002   PAD
    0x08001db4   0x00000080   Code   RO          124    i.I2C_Config        main.o
    0x08001e34   0x00000044   Code   RO         1987    i.I2C_DeInit        stm32f4xx_i2c.o
    0x08001e78   0x00000014   Code   RO         1992    i.I2C_GenerateSTART  stm32f4xx_i2c.o
    0x08001e8c   0x00000014   Code   RO         1993    i.I2C_GenerateSTOP  stm32f4xx_i2c.o
    0x08001ea0   0x000000b4   Code   RO         1999    i.I2C_Init          stm32f4xx_i2c.o
    0x08001f54   0x00000006   Code   RO         2004    i.I2C_ReceiveData   stm32f4xx_i2c.o
    0x08001f5a   0x00000010   Code   RO         2006    i.I2C_Send7bitAddress  stm32f4xx_i2c.o
    0x08001f6a   0x00000004   Code   RO         2007    i.I2C_SendData      stm32f4xx_i2c.o
    0x08001f6e   0x00000002   Code   RO          236    i.MemManage_Handler  stm32f4xx_it.o
    0x08001f70   0x00000002   Code   RO          237    i.NMI_Handler       stm32f4xx_it.o
    0x08001f72   0x00000002   PAD
    0x08001f74   0x00000064   Code   RO          300    i.NVIC_Init         misc.o
    0x08001fd8   0x00000164   Code   RO         4321    i.OV5640_HW_Init    dcmi_ov5640.o
    0x0800213c   0x0000009c   Code   RO         4322    i.OV5640_Init       dcmi_ov5640.o
    0x080021d8   0x00000034   Code   RO         4324    i.OV5640_JPEG_1280_720  dcmi_ov5640.o
    0x0800220c   0x00000034   Code   RO         4325    i.OV5640_JPEG_1920_1080  dcmi_ov5640.o
    0x08002240   0x00000034   Code   RO         4326    i.OV5640_JPEG_5MP_2592_1944  dcmi_ov5640.o
    0x08002274   0x00000034   Code   RO         4327    i.OV5640_RAW_1280_720  dcmi_ov5640.o
    0x080022a8   0x00000034   Code   RO         4328    i.OV5640_RAW_1920_1080  dcmi_ov5640.o
    0x080022dc   0x00000030   Code   RO         4329    i.OV5640_RAW_320_240  dcmi_ov5640.o
    0x0800230c   0x00000030   Code   RO         4330    i.OV5640_RAW_5MP_QSXGA_2592_1944  dcmi_ov5640.o
    0x0800233c   0x00000034   Code   RO         4331    i.OV5640_RAW_640_480  dcmi_ov5640.o
    0x08002370   0x0000001a   Code   RO         4332    i.OV5640_ReadID     dcmi_ov5640.o
    0x0800238a   0x00000002   PAD
    0x0800238c   0x00000100   Code   RO         4333    i.OV5640_ReadReg    dcmi_ov5640.o
    0x0800248c   0x00000020   Code   RO         4334    i.OV5640_Reset      dcmi_ov5640.o
    0x080024ac   0x000000ac   Code   RO         4335    i.OV5640_WriteReg   dcmi_ov5640.o
    0x08002558   0x00000002   Code   RO          238    i.PendSV_Handler    stm32f4xx_it.o
    0x0800255a   0x00000002   PAD
    0x0800255c   0x00000018   Code   RO         2325    i.RCC_AHB1PeriphClockCmd  stm32f4xx_rcc.o
    0x08002574   0x00000018   Code   RO         2328    i.RCC_AHB2PeriphClockCmd  stm32f4xx_rcc.o
    0x0800258c   0x00000018   Code   RO         2331    i.RCC_AHB3PeriphClockCmd  stm32f4xx_rcc.o
    0x080025a4   0x00000018   Code   RO         2334    i.RCC_APB1PeriphClockCmd  stm32f4xx_rcc.o
    0x080025bc   0x00000018   Code   RO         2336    i.RCC_APB1PeriphResetCmd  stm32f4xx_rcc.o
    0x080025d4   0x00000094   Code   RO         2346    i.RCC_GetClocksFreq  stm32f4xx_rcc.o
    0x08002668   0x00000280   Code   RO         4632    i.SRAM_Init         stm324xg_eval_fsmc_sram.o
    0x080028e8   0x00000016   Code   RO         4633    i.SRAM_ReadBuffer   stm324xg_eval_fsmc_sram.o
    0x080028fe   0x00000002   PAD
    0x08002900   0x0000001a   Code   RO         4634    i.SRAM_WriteBuffer  stm324xg_eval_fsmc_sram.o
    0x0800291a   0x00000002   Code   RO          239    i.SVC_Handler       stm32f4xx_it.o
    0x0800291c   0x0000000a   Code   RO         4234    i.Serialcongig      serial_receive.o
    0x08002926   0x00000002   PAD
    0x08002928   0x000000b4   Code   RO           11    i.SetSysClock       system_stm32f4xx.o
    0x080029dc   0x00000002   Code   RO          240    i.SysTick_Handler   stm32f4xx_it.o
    0x080029de   0x00000002   PAD
    0x080029e0   0x0000005c   Code   RO           13    i.SystemInit        system_stm32f4xx.o
    0x08002a3c   0x00000070   Code   RO          125    i.TIMER_START       main.o
    0x08002aac   0x00000006   Code   RO         3417    i.TIM_ClearITPendingBit  stm32f4xx_tim.o
    0x08002ab2   0x00000014   Code   RO         3422    i.TIM_Cmd           stm32f4xx_tim.o
    0x08002ac6   0x00000028   Code   RO          126    i.TIM_Config        main.o
    0x08002aee   0x00000010   Code   RO         3447    i.TIM_ITConfig      stm32f4xx_tim.o
    0x08002afe   0x00000002   PAD
    0x08002b00   0x0000007c   Code   RO         3494    i.TIM_TimeBaseInit  stm32f4xx_tim.o
    0x08002b7c   0x00000050   Code   RO         4235    i.UART_SendFrame    serial_receive.o
    0x08002bcc   0x0000000e   Code   RO         3958    i.USART_GetFlagStatus  stm32f4xx_usart.o
    0x08002bda   0x00000002   PAD
    0x08002bdc   0x000000b8   Code   RO         3962    i.USART_Init        stm32f4xx_usart.o
    0x08002c94   0x00000008   Code   RO         3969    i.USART_ReceiveData  stm32f4xx_usart.o
    0x08002c9c   0x00000008   Code   RO         3972    i.USART_SendData    stm32f4xx_usart.o
    0x08002ca4   0x00000002   Code   RO          241    i.UsageFault_Handler  stm32f4xx_it.o
    0x08002ca6   0x00000002   PAD
    0x08002ca8   0x0000005c   Code   RO         4236    i.capture_start     serial_receive.o
    0x08002d04   0x00000024   Code   RO          127    i.fputc             main.o
    0x08002d28   0x0000009c   Code   RO         4237    i.imagesent         serial_receive.o
    0x08002dc4   0x00000114   Code   RO          128    i.main              main.o
    0x08002ed8   0x00000170   Code   RO         4239    i.receive_imxfilename  serial_receive.o
    0x08003048   0x0000002c   Code   RO         4991    locale$$code        c_w.l(lc_ctype_c.o)
    0x08003074   0x0000000a   Code   RO         5029    x$fpl$fpinit        fz_wm.l(fpinit.o)
    0x0800307e   0x00000002   PAD
    0x08003080   0x0000004e   Data   RO          137    .constdata          main.o
    0x080030ce   0x00000004   Data   RO         4738    .constdata          c_w.l(sys_io.o)
    0x080030d2   0x00000004   Data   RO         4739    .constdata          c_w.l(sys_io.o)
    0x080030d6   0x00000004   Data   RO         4740    .constdata          c_w.l(sys_io.o)
    0x080030da   0x00000002   PAD
    0x080030dc   0x00000020   Data   RO         5091    Region$$Table       anon$$obj.o
    0x080030fc   0x00000110   Data   RO         4990    locale$$data        c_w.l(lc_ctype_c.o)


    Execution Region ER_RW (Base: 0x20000000, Size: 0x00002054, Max: 0xffffffff, ABSOLUTE, COMPRESSED[0x00000700])

    Base Addr    Size         Type   Attr      Idx    E Section Name        Object

    0x20000000   0x00000014   Data   RW           14    .data               system_stm32f4xx.o
    0x20000014   0x00000010   Data   RW          138    .data               main.o
    0x20000024   0x00000010   Data   RW         2369    .data               stm32f4xx_rcc.o
    0x20000034   0x00000008   Data   RW         4201    .data               camera_api.o
    0x2000003c   0x00000014   Data   RW         4245    .data               serial_receive.o
    0x20000050   0x00001ff8   Data   RW         4342    .data               dcmi_ov5640.o
    0x20002048   0x00000004   Data   RW         4837    .data               c_w.l(stdio_streams.o)
    0x2000204c   0x00000004   Data   RW         4838    .data               c_w.l(stdio_streams.o)
    0x20002050   0x00000004   Data   RW         4839    .data               c_w.l(stdio_streams.o)


    Execution Region ER_ZI (Base: 0x20002054, Size: 0x0009777c, Max: 0xffffffff, ABSOLUTE)

    Base Addr    Size         Type   Attr      Idx    E Section Name        Object

    0x20002054   0x0000041c   Zero   RW          131    .bss                main.o
    0x20002470   0x00000c00   Zero   RW         4242    .bss                serial_receive.o
    0x20003070   0x00096000   Zero   RW         4341    .bss                dcmi_ov5640.o
    0x20099070   0x00000054   Zero   RW         4834    .bss                c_w.l(stdio_streams.o)
    0x200990c4   0x00000054   Zero   RW         4835    .bss                c_w.l(stdio_streams.o)
    0x20099118   0x00000054   Zero   RW         4836    .bss                c_w.l(stdio_streams.o)
    0x2009916c   0x00000060   Zero   RW         4845    .bss                c_w.l(libspace.o)
    0x200991cc   0x00000004   PAD
    0x200991d0   0x00000200   Zero   RW            2    HEAP                startup_stm32f4xx.o
    0x200993d0   0x00000400   Zero   RW            1    STACK               startup_stm32f4xx.o


==============================================================================

Image component sizes


      Code (inc. data)   RO Data    RW Data    ZI Data      Debug   Object Name

       196         18          0          8          0       2216   camera_api.o
      1406         98          0       8184     614400       9475   dcmi_ov5640.o
       308         12          0          0          0        780   fsmc_nand.o
       592         76         78         16       1052      43563   main.o
       100          8          0          0          0        992   misc.o
       830        178          0         20       3072       6704   serial_receive.o
        64         26        392          0       1536        908   startup_stm32f4xx.o
       688         16          0          0          0       2653   stm324xg_eval_fsmc_sram.o
       116         18          0          0          0       2033   stm32f4xx_dcmi.o
       396         24          0          0          0       3310   stm32f4xx_dma.o
        60         16          0          0          0       1699   stm32f4xx_exti.o
       438          8          0          0          0       3742   stm32f4xx_fsmc.o
       220          0          0          0          0       3293   stm32f4xx_gpio.o
       378         20          0          0          0       6325   stm32f4xx_i2c.o
        18          0          0          0          0       3610   stm32f4xx_it.o
       268         46          0         16          0       5525   stm32f4xx_rcc.o
       166         28          0          0          0       3915   stm32f4xx_tim.o
       214         10          0          0          0       3172   stm32f4xx_usart.o
       272         36          0         20          0     294913   system_stm32f4xx.o

    ----------------------------------------------------------------------
      6756        638        502       8264     620060     398828   Object Totals
         0          0         32          0          0          0   (incl. Generated)
        26          0          0          0          0          0   (incl. Padding)

    ----------------------------------------------------------------------

      Code (inc. data)   RO Data    RW Data    ZI Data      Debug   Library Member Name

       100          0          0          0          0          0   __dclz77c.o
         8          0          0          0          0         68   __main.o
       104          0          0          0          0         84   __printf.o
        52          8          0          0          0          0   __scatter.o
        28          0          0          0          0          0   __scatter_zi.o
        28          0          0          0          0         68   _chval.o
        44          0          0          0          0        108   _printf_char.o
        48          6          0          0          0         96   _printf_char_common.o
        36          4          0          0          0         80   _printf_char_file.o
         6          0          0          0          0          0   _printf_d.o
       120         18          0          0          0         92   _printf_dec.o
       184          0          0          0          0         88   _printf_intcommon.o
         0          0          0          0          0          0   _printf_percent.o
         4          0          0          0          0          0   _printf_percent_end.o
         6          0          0          0          0          0   _printf_s.o
        82          0          0          0          0         80   _printf_str.o
        16          0          0          0          0         68   _snputc.o
        10          0          0          0          0         68   _sputc.o
       158          0          0          0          0         92   _strtoul.o
        26          0          0          0          0         80   atoi.o
        10          0          0          0          0         68   defsig_exit.o
        50          0          0          0          0         88   defsig_general.o
        80         58          0          0          0         76   defsig_rtmem_inner.o
        14          0          0          0          0         80   defsig_rtmem_outer.o
        52         38          0          0          0         76   defsig_rtred_inner.o
        14          0          0          0          0         80   defsig_rtred_outer.o
        12          0          0          0          0         72   exit.o
        76          0          0          0          0         88   fclose.o
         8          0          0          0          0         68   ferror.o
       100          4          0          0          0        120   fflush.o
       576          0          0          0          0        132   filbuf.o
        56          6          0          0          0         80   flushlinebuffered.o
       236          4          0          0          0        128   fopen.o
       284          0          0          0          0         96   freadfast.o
       248          6          0          0          0         84   fseek.o
        70          0          0          0          0         76   ftell.o
        50          0          0          0          0         84   fwrite.o
        94          0          0          0          0         80   h1_alloc.o
        52          0          0          0          0         68   h1_extend.o
        78          0          0          0          0         80   h1_free.o
        14          0          0          0          0         84   h1_init.o
         6          0          0          0          0        152   heapauxi.o
         4          0          0          0          0        136   hguard.o
         0          0          0          0          0          0   indicate_semi.o
       138          0          0          0          0        168   init_alloc.o
       312         46          0          0          0        112   initio.o
        44         10        272          0          0         76   lc_ctype_c.o
         2          0          0          0          0          0   libinit.o
        36          0          0          0          0          0   libinit2.o
         2          0          0          0          0          0   libshutdown.o
         6          0          0          0          0          0   libshutdown2.o
         8          4          0          0         96         68   libspace.o
         0          0          0          0          0          0   maybetermalloc1.o
        24          4          0          0          0         84   noretval__2printf.o
        52          4          0          0          0         84   noretval__2snprintf.o
        16          4          0          0          0         76   rt_ctype_table.o
         8          4          0          0          0         68   rt_errno_addr_intlibspace.o
         8          4          0          0          0         68   rt_heap_descriptor_intlibspace.o
         8          4          0          0          0         68   rt_locale_intlibspace.o
        68          0          0          0          0         68   rt_memclr.o
        78          0          0          0          0         80   rt_memclr_w.o
       138          0          0          0          0         68   rt_memcpy_v6.o
       100          0          0          0          0         80   rt_memcpy_w.o
         0          0          0          0          0          0   rtentry.o
        12          0          0          0          0          0   rtentry2.o
         6          0          0          0          0          0   rtentry4.o
         2          0          0          0          0          0   rtexit.o
        10          0          0          0          0          0   rtexit2.o
        70          0          0          0          0         80   setvbuf.o
       240          6          0          0          0        156   stdio.o
         0          0          0         12        252          0   stdio_streams.o
        24          0          0          0          0         68   strcat.o
       128          0          0          0          0         68   strcmpv7m.o
        72          0          0          0          0         80   strcpy.o
        62          0          0          0          0         76   strlen.o
       112          0          0          0          0         88   strtol.o
        12          4          0          0          0         68   sys_exit.o
       102          0         12          0          0        240   sys_io.o
        74          0          0          0          0         80   sys_stackheap_outer.o
        14          0          0          0          0         76   sys_wrch.o
         2          0          0          0          0         68   use_no_semi.o
        10          0          0          0          0        116   fpinit.o

    ----------------------------------------------------------------------
      5268        246        286         12        352       5600   Library Totals
        24          0          2          0          4          0   (incl. Padding)

    ----------------------------------------------------------------------

      Code (inc. data)   RO Data    RW Data    ZI Data      Debug   Library Name

      5234        246        284         12        348       5484   c_w.l
        10          0          0          0          0        116   fz_wm.l

    ----------------------------------------------------------------------
      5268        246        286         12        352       5600   Library Totals

    ----------------------------------------------------------------------

==============================================================================


      Code (inc. data)   RO Data    RW Data    ZI Data      Debug   

     12024        884        788       8276     620412     393156   Grand Totals
     12024        884        788       1792     620412     393156   ELF Image Totals (compressed)
     12024        884        788       1792          0          0   ROM Totals

==============================================================================

    Total RO  Size (Code + RO Data)                12812 (  12.51kB)
    Total RW  Size (RW Data + ZI Data)            628688 ( 613.95kB)
    Total ROM Size (Code + RO Data + RW Data)      14604 (  14.26kB)

==============================================================================

